Component: ARM Compiler 5.06 update 4 (build 422) Tool: armlink [4d35d2]

==============================================================================

Section Cross References

    stm32f4xx_adc.o(i.ADC_DeInit) refers to stm32f4xx_rcc.o(i.RCC_APB2PeriphResetCmd) for RCC_APB2PeriphResetCmd
    stm32f4xx_can.o(i.CAN_DeInit) refers to stm32f4xx_rcc.o(i.RCC_APB1PeriphResetCmd) for RCC_APB1PeriphResetCmd
    stm32f4xx_can.o(i.CAN_GetITStatus) refers to stm32f4xx_can.o(i.CheckITStatus) for CheckITStatus
    stm32f4xx_cryp.o(i.CRYP_DeInit) refers to stm32f4xx_rcc.o(i.RCC_AHB2PeriphResetCmd) for RCC_AHB2PeriphResetCmd
    stm32f4xx_cryp_aes.o(i.CRYP_AES_CBC) refers to stm32f4xx_cryp.o(i.CRYP_KeyStructInit) for CRYP_KeyStructInit
    stm32f4xx_cryp_aes.o(i.CRYP_AES_CBC) refers to stm32f4xx_cryp.o(i.CRYP_KeyInit) for CRYP_KeyInit
    stm32f4xx_cryp_aes.o(i.CRYP_AES_CBC) refers to stm32f4xx_cryp.o(i.CRYP_Init) for CRYP_Init
    stm32f4xx_cryp_aes.o(i.CRYP_AES_CBC) refers to stm32f4xx_cryp.o(i.CRYP_IVInit) for CRYP_IVInit
    stm32f4xx_cryp_aes.o(i.CRYP_AES_CBC) refers to stm32f4xx_cryp.o(i.CRYP_FIFOFlush) for CRYP_FIFOFlush
    stm32f4xx_cryp_aes.o(i.CRYP_AES_CBC) refers to stm32f4xx_cryp.o(i.CRYP_Cmd) for CRYP_Cmd
    stm32f4xx_cryp_aes.o(i.CRYP_AES_CBC) refers to stm32f4xx_cryp.o(i.CRYP_GetFlagStatus) for CRYP_GetFlagStatus
    stm32f4xx_cryp_aes.o(i.CRYP_AES_CBC) refers to stm32f4xx_cryp.o(i.CRYP_DataIn) for CRYP_DataIn
    stm32f4xx_cryp_aes.o(i.CRYP_AES_CBC) refers to stm32f4xx_cryp.o(i.CRYP_DataOut) for CRYP_DataOut
    stm32f4xx_cryp_aes.o(i.CRYP_AES_CTR) refers to stm32f4xx_cryp.o(i.CRYP_KeyStructInit) for CRYP_KeyStructInit
    stm32f4xx_cryp_aes.o(i.CRYP_AES_CTR) refers to stm32f4xx_cryp.o(i.CRYP_KeyInit) for CRYP_KeyInit
    stm32f4xx_cryp_aes.o(i.CRYP_AES_CTR) refers to stm32f4xx_cryp.o(i.CRYP_Init) for CRYP_Init
    stm32f4xx_cryp_aes.o(i.CRYP_AES_CTR) refers to stm32f4xx_cryp.o(i.CRYP_IVInit) for CRYP_IVInit
    stm32f4xx_cryp_aes.o(i.CRYP_AES_CTR) refers to stm32f4xx_cryp.o(i.CRYP_FIFOFlush) for CRYP_FIFOFlush
    stm32f4xx_cryp_aes.o(i.CRYP_AES_CTR) refers to stm32f4xx_cryp.o(i.CRYP_Cmd) for CRYP_Cmd
    stm32f4xx_cryp_aes.o(i.CRYP_AES_CTR) refers to stm32f4xx_cryp.o(i.CRYP_DataIn) for CRYP_DataIn
    stm32f4xx_cryp_aes.o(i.CRYP_AES_CTR) refers to stm32f4xx_cryp.o(i.CRYP_GetFlagStatus) for CRYP_GetFlagStatus
    stm32f4xx_cryp_aes.o(i.CRYP_AES_CTR) refers to stm32f4xx_cryp.o(i.CRYP_DataOut) for CRYP_DataOut
    stm32f4xx_cryp_aes.o(i.CRYP_AES_ECB) refers to stm32f4xx_cryp.o(i.CRYP_KeyStructInit) for CRYP_KeyStructInit
    stm32f4xx_cryp_aes.o(i.CRYP_AES_ECB) refers to stm32f4xx_cryp.o(i.CRYP_KeyInit) for CRYP_KeyInit
    stm32f4xx_cryp_aes.o(i.CRYP_AES_ECB) refers to stm32f4xx_cryp.o(i.CRYP_Init) for CRYP_Init
    stm32f4xx_cryp_aes.o(i.CRYP_AES_ECB) refers to stm32f4xx_cryp.o(i.CRYP_FIFOFlush) for CRYP_FIFOFlush
    stm32f4xx_cryp_aes.o(i.CRYP_AES_ECB) refers to stm32f4xx_cryp.o(i.CRYP_Cmd) for CRYP_Cmd
    stm32f4xx_cryp_aes.o(i.CRYP_AES_ECB) refers to stm32f4xx_cryp.o(i.CRYP_GetFlagStatus) for CRYP_GetFlagStatus
    stm32f4xx_cryp_aes.o(i.CRYP_AES_ECB) refers to stm32f4xx_cryp.o(i.CRYP_DataIn) for CRYP_DataIn
    stm32f4xx_cryp_aes.o(i.CRYP_AES_ECB) refers to stm32f4xx_cryp.o(i.CRYP_DataOut) for CRYP_DataOut
    stm32f4xx_cryp_des.o(i.CRYP_DES_CBC) refers to stm32f4xx_cryp.o(i.CRYP_KeyStructInit) for CRYP_KeyStructInit
    stm32f4xx_cryp_des.o(i.CRYP_DES_CBC) refers to stm32f4xx_cryp.o(i.CRYP_Init) for CRYP_Init
    stm32f4xx_cryp_des.o(i.CRYP_DES_CBC) refers to stm32f4xx_cryp.o(i.CRYP_KeyInit) for CRYP_KeyInit
    stm32f4xx_cryp_des.o(i.CRYP_DES_CBC) refers to stm32f4xx_cryp.o(i.CRYP_IVInit) for CRYP_IVInit
    stm32f4xx_cryp_des.o(i.CRYP_DES_CBC) refers to stm32f4xx_cryp.o(i.CRYP_FIFOFlush) for CRYP_FIFOFlush
    stm32f4xx_cryp_des.o(i.CRYP_DES_CBC) refers to stm32f4xx_cryp.o(i.CRYP_Cmd) for CRYP_Cmd
    stm32f4xx_cryp_des.o(i.CRYP_DES_CBC) refers to stm32f4xx_cryp.o(i.CRYP_DataIn) for CRYP_DataIn
    stm32f4xx_cryp_des.o(i.CRYP_DES_CBC) refers to stm32f4xx_cryp.o(i.CRYP_GetFlagStatus) for CRYP_GetFlagStatus
    stm32f4xx_cryp_des.o(i.CRYP_DES_CBC) refers to stm32f4xx_cryp.o(i.CRYP_DataOut) for CRYP_DataOut
    stm32f4xx_cryp_des.o(i.CRYP_DES_ECB) refers to stm32f4xx_cryp.o(i.CRYP_KeyStructInit) for CRYP_KeyStructInit
    stm32f4xx_cryp_des.o(i.CRYP_DES_ECB) refers to stm32f4xx_cryp.o(i.CRYP_Init) for CRYP_Init
    stm32f4xx_cryp_des.o(i.CRYP_DES_ECB) refers to stm32f4xx_cryp.o(i.CRYP_KeyInit) for CRYP_KeyInit
    stm32f4xx_cryp_des.o(i.CRYP_DES_ECB) refers to stm32f4xx_cryp.o(i.CRYP_FIFOFlush) for CRYP_FIFOFlush
    stm32f4xx_cryp_des.o(i.CRYP_DES_ECB) refers to stm32f4xx_cryp.o(i.CRYP_Cmd) for CRYP_Cmd
    stm32f4xx_cryp_des.o(i.CRYP_DES_ECB) refers to stm32f4xx_cryp.o(i.CRYP_DataIn) for CRYP_DataIn
    stm32f4xx_cryp_des.o(i.CRYP_DES_ECB) refers to stm32f4xx_cryp.o(i.CRYP_GetFlagStatus) for CRYP_GetFlagStatus
[...]
    ui_control.o(i.Showusartname1) refers to myfont.o(.constdata) for hanzi_18
    ui_control.o(i.Showusartname1) refers to myfont.o(.constdata) for hanzi_4
    ui_control.o(i.Showusartname1) refers to myfont.o(.constdata) for hanzi_69
    ui_control.o(i.Showusartname1) refers to myfont.o(.constdata) for hanzi_2
    ui_control.o(i.Showusartname1) refers to myfont.o(.constdata) for hanzi_36
    ui_control.o(i.Showusartname1) refers to myfont.o(.constdata) for hanzi_43
    ui_control.o(i.Showusartname1) refers to myfont.o(.constdata) for hanzi_42
    ui_control.o(i.Showusartname1) refers to myfont.o(.constdata) for hanzi_52
    ui_control.o(i.Showusartname1) refers to myfont.o(.constdata) for hanzi_99
    ui_control.o(i.Showusartname1) refers to myfont.o(.constdata) for hanzi_11
    ui_control.o(i.Showusartname1) refers to myfont.o(.constdata) for hanzi_102
    ui_control.o(i.Showusartname1) refers to myfont.o(.constdata) for hanzi_80
    ui_control.o(i.Showusartname1) refers to myfont.o(.constdata) for hanzi_21
    ui_control.o(i.Showusartname1) refers to myfont.o(.constdata) for hanzi_67
    ui_control.o(i.Showusartname1) refers to myfont.o(.constdata) for hanzi_23
    ui_control.o(i.Showusartname1) refers to myfont.o(.constdata) for hanzi_63
    ui_control.o(i.Showusartname1) refers to myfont.o(.constdata) for hanzi_26
    ui_control.o(i.Showusartname1) refers to myfont.o(.constdata) for hanzi_34
    ui_control.o(i.Showusartname1) refers to myfont.o(.constdata) for hanzi_94
    ui_control.o(i.Showusartname1) refers to myfont.o(.constdata) for hanzi_66
    ui_control.o(i.Showusartname1) refers to myfont.o(.constdata) for hanzi_117
    ui_control.o(i.Showusartname1) refers to myfont.o(.constdata) for hanzi_118
    ui_control.o(i.Showusartname1) refers to myfont.o(.constdata) for hanzi_81
    ui_control.o(i.Showusartname1) refers to myfont.o(.constdata) for hanzi_47
    ui_control.o(i.Showusartname1) refers to myfont.o(.constdata) for hanzi_96
    ui_control.o(i.Showusartname1) refers to myfont.o(.constdata) for hanzi_119
    ui_control.o(i.Showusartname1) refers to myfont.o(.constdata) for hanzi_30
    ui_control.o(i.Showusartname1) refers to myfont.o(.constdata) for hanzi_75
    ui_control.o(i.Showusartname1) refers to myfont.o(.constdata) for hanzi_78
    ui_control.o(i.Showusartname1) refers to myfont.o(.constdata) for hanzi_24
    ui_control.o(i.Showusartname1) refers to myfont.o(.constdata) for hanzi_82
    ui_control.o(i.Showusartname1) refers to myfont.o(.constdata) for hanzi_33
    ui_control.o(i.Showusartname1) refers to myfont.o(.constdata) for hanzi_5
    ui_control.o(i.Showusartname1) refers to myfont.o(.constdata) for hanzi_89
    ui_control.o(i.Showusartname1) refers to myfont.o(.constdata) for hanzi_1
    ui_control.o(i.Showusartname1) refers to myfont.o(.constdata) for hanzi_101
    ui_control.o(i.UI_ButtonrRespond) refers to ui_control.o(i.UI_Update) for UI_Update
    ui_control.o(i.UI_ButtonrRespond) refers to ui_control.o(i.NotificationBar) for NotificationBar
    ui_control.o(i.UI_ButtonrRespond) refers to uc1638c.o(i.LCD_refresh) for LCD_refresh
    ui_control.o(i.UI_ButtonrRespond) refers to ui_control.o(i.UI_Main_ButtonrRespond) for UI_Main_ButtonrRespond
    ui_control.o(i.UI_ButtonrRespond) refers to ui_control.o(i.UI_Sub_ButtonrRespond) for UI_Sub_ButtonrRespond
    ui_control.o(i.UI_ButtonrRespond) refers to ui_control.o(i.UI_Shutdown_ButtonRespond) for UI_Shutdown_ButtonRespond
    ui_control.o(i.UI_ButtonrRespond) refers to ui_control.o(i.UI_Running_ButtonRespond) for UI_Running_ButtonRespond
    ui_control.o(i.UI_ButtonrRespond) refers to ui_control.o(i.PICTURE_ButtonRespond) for PICTURE_ButtonRespond
    ui_control.o(i.UI_ButtonrRespond) refers to ui_control.o(i.UI_Confirm_ButtonRespond) for UI_Confirm_ButtonRespond
    ui_control.o(i.UI_ButtonrRespond) refers to ui_control.o(i.UI_connecting_BluetoothRespond) for UI_connecting_BluetoothRespond
    ui_control.o(i.UI_ButtonrRespond) refers to bluetooth.o(i.bluetooch_waiting) for bluetooch_waiting
    ui_control.o(i.UI_ButtonrRespond) refers to cascade.o(.data) for SlaveComConnected_old
    ui_control.o(i.UI_ButtonrRespond) refers to cascade.o(.data) for SlaveComConnected
    ui_control.o(i.UI_ButtonrRespond) refers to ui_control.o(.data) for .data
    ui_control.o(i.UI_ButtonrRespond) refers to stm32fxxx_it.o(.data) for SystemCountTime
    ui_control.o(i.UI_ButtonrRespond) refers to ui_control.o(.bss) for .bss
    ui_control.o(i.UI_Confirm_ButtonRespond) refers to myfatfs.o(i.f_deldir) for f_deldir
    ui_control.o(i.UI_Confirm_ButtonRespond) refers to strcpy.o(.text) for strcpy
    ui_control.o(i.UI_Confirm_ButtonRespond) refers to myfatfs.o(i.scan_files) for scan_files
    ui_control.o(i.UI_Confirm_ButtonRespond) refers to myfatfs.o(i.inversion_file_load) for inversion_file_load
    ui_control.o(i.UI_Confirm_ButtonRespond) refers to ui_control.o(.data) for .data
    ui_control.o(i.UI_Confirm_ButtonRespond) refers to myfatfs.o(.bss) for fpath
    ui_control.o(i.UI_Confirm_ButtonRespond) refers to myfatfs.o(.data) for res_flash
    ui_control.o(i.UI_Confirm_ButtonRespond) refers to myfatfs.o(.data) for window_top
    ui_control.o(i.UI_Confirm_ButtonRespond) refers to ui_control.o(.bss) for .bss
    ui_control.o(i.UI_Confirm_Display) refers to uc1638c.o(i.LCD_Display_pic) for LCD_Display_pic
    ui_control.o(i.UI_Confirm_Display) refers to ui_pic.o(.constdata) for PORT_3
    ui_control.o(i.UI_Confirm_Display) refers to ui_control.o(.data) for .data
    ui_control.o(i.UI_Confirm_Display) refers to ui_pic.o(.constdata) for CONFIRM
    ui_control.o(i.UI_Confirm_Display) refers to ui_pic.o(.constdata) for NOT_2
    ui_control.o(i.UI_Confirm_Display) refers to ui_pic.o(.constdata) for YES_2
    ui_control.o(i.UI_Confirm_Display) refers to ui_pic.o(.constdata) for NOT_1
    ui_control.o(i.UI_Confirm_Display) refers to ui_pic.o(.constdata) for YES_1
    ui_control.o(i.UI_Control_Init) refers to uc1638c.o(i.LCD_UC1638C_Init) for LCD_UC1638C_Init
    ui_control.o(i.UI_Control_Init) refers to uc1638c.o(i.LCD_clear) for LCD_clear
    ui_control.o(i.UI_Control_Init) refers to strcpy.o(.text) for strcpy
    ui_control.o(i.UI_Control_Init) refers to myfatfs.o(i.scan_files) for scan_files
    ui_control.o(i.UI_Control_Init) refers to myfatfs.o(i.inversion_file_load) for inversion_file_load
    ui_control.o(i.UI_Control_Init) refers to ui_control.o(.bss) for .bss
    ui_control.o(i.UI_Control_Init) refers to ui_control.o(.data) for .data
    ui_control.o(i.UI_Control_Init) refers to myfatfs.o(.bss) for fpath
    ui_control.o(i.UI_Control_Init) refers to myfatfs.o(.data) for window_top
    ui_control.o(i.UI_Control_Init) refers to myfatfs.o(.data) for file_name_num
    ui_control.o(i.UI_Main_ButtonrRespond) refers to strcpy.o(.text) for strcpy
    ui_control.o(i.UI_Main_ButtonrRespond) refers to strlen.o(.text) for strlen
    ui_control.o(i.UI_Main_ButtonrRespond) refers to printfa.o(i.__0sprintf) for __2sprintf
    ui_control.o(i.UI_Main_ButtonrRespond) refers to c_protocol.o(i.EnterProgram) for EnterProgram
    ui_control.o(i.UI_Main_ButtonrRespond) refers to c_protocol_1.o(i.EnterProgram) for EnterProgram
    ui_control.o(i.UI_Main_ButtonrRespond) refers to myfatfs.o(i.scan_files) for scan_files
    ui_control.o(i.UI_Main_ButtonrRespond) refers to myfatfs.o(i.inversion_file_load) for inversion_file_load
    ui_control.o(i.UI_Main_ButtonrRespond) refers to ui_control.o(.data) for .data
    ui_control.o(i.UI_Main_ButtonrRespond) refers to myfatfs.o(.data) for window_top
    ui_control.o(i.UI_Main_ButtonrRespond) refers to ui_control.o(.bss) for .bss
    ui_control.o(i.UI_Main_ButtonrRespond) refers to myfatfs.o(.bss) for file_load
    ui_control.o(i.UI_Main_ButtonrRespond) refers to myfatfs.o(.data) for file_name_num
    ui_control.o(i.UI_Main_ButtonrRespond) refers to myfatfs.o(.bss) for myfilename
    ui_control.o(i.UI_Main_ButtonrRespond) refers to myfatfs.o(.bss) for oldfpath
    ui_control.o(i.UI_Main_Display) refers to uc1638c.o(i.LCD_Display_pic) for LCD_Display_pic
    ui_control.o(i.UI_Main_Display) refers to text.o(i.Show_Str) for Show_Str
    ui_control.o(i.UI_Main_Display) refers to uc1638c.o(i.LCD_Invert) for LCD_Invert
    ui_control.o(i.UI_Main_Display) refers to uc1638c.o(i.LCD_ShowString) for LCD_ShowString
    ui_control.o(i.UI_Main_Display) refers to myfatfs.o(.data) for file_name_num
    ui_control.o(i.UI_Main_Display) refers to myfatfs.o(.data) for window_top
    ui_control.o(i.UI_Main_Display) refers to main.o(.data) for language
    ui_control.o(i.UI_Main_Display) refers to ui_pic.o(.constdata) for SETTINGSTAB
    ui_control.o(i.UI_Main_Display) refers to ui_pic.o(.constdata) for setting_icon
    ui_control.o(i.UI_Main_Display) refers to ui_pic.o(.constdata) for PLAYLASTTAB
    ui_control.o(i.UI_Main_Display) refers to myfatfs.o(.bss) for file_load
    ui_control.o(i.UI_Main_Display) refers to ui_pic.o(.constdata) for folder_icon
    ui_control.o(i.UI_Main_Display) refers to ui_pic.o(.constdata) for program_icon
    ui_control.o(i.UI_Main_Display) refers to ui_pic.o(.constdata) for photo_icon
    ui_control.o(i.UI_Main_Display) refers to ui_pic.o(.constdata) for sound_icon
    ui_control.o(i.UI_Main_Display) refers to ui_pic.o(.constdata) for FILETAB
    ui_control.o(i.UI_Main_Display) refers to ui_pic.o(.constdata) for APPSTAB
    ui_control.o(i.UI_Main_Display) refers to ui_pic.o(.constdata) for port_icon
    ui_control.o(i.UI_Main_Display) refers to ui_pic.o(.constdata) for motor_icon
    ui_control.o(i.UI_Main_Display) refers to ui_pic.o(.constdata) for ir_icon
    ui_control.o(i.UI_Main_Display) refers to myfont.o(.constdata) for hanzi_19
    ui_control.o(i.UI_Main_Display) refers to myfont.o(.constdata) for hanzi_39
    ui_control.o(i.UI_Main_Display) refers to myfont.o(.constdata) for hanzi_32
    ui_control.o(i.UI_Main_Display) refers to myfont.o(.constdata) for hanzi_55
    ui_control.o(i.UI_Main_Display) refers to myfont.o(.constdata) for hanzi_49
    ui_control.o(i.UI_Main_Display) refers to myfont.o(.constdata) for hanzi_13
    ui_control.o(i.UI_Main_Display) refers to myfont.o(.constdata) for hanzi_38
    ui_control.o(i.UI_Main_Display) refers to myfont.o(.constdata) for hanzi_103
    ui_control.o(i.UI_Main_Display) refers to myfont.o(.constdata) for hanzi_24
    ui_control.o(i.UI_Main_Display) refers to myfont.o(.constdata) for hanzi_82
    ui_control.o(i.UI_Main_Display) refers to ui_control.o(.data) for .data
    ui_control.o(i.UI_Main_Display) refers to ui_control.o(i.UI_Main_ButtonrRespond) for UI_Main_ButtonrRespond
    ui_control.o(i.UI_Main_Display) refers to myfont.o(.constdata) for hanzi_98
    ui_control.o(i.UI_Main_Display) refers to myfont.o(.constdata) for hanzi_45
    ui_control.o(i.UI_Main_Display) refers to myfont.o(.constdata) for hanzi_76
    ui_control.o(i.UI_Main_Display) refers to myfont.o(.constdata) for hanzi_54
    ui_control.o(i.UI_Main_Display) refers to bluetooth.o(.data) for interface_state
    ui_control.o(i.UI_Main_Display) refers to myfont.o(.constdata) for hanzi_41
    ui_control.o(i.UI_Main_Display) refers to myfont.o(.constdata) for hanzi_93
    ui_control.o(i.UI_Main_Display) refers to myfont.o(.constdata) for hanzi_108
    ui_control.o(i.UI_Main_Display) refers to myfont.o(.constdata) for hanzi_109
    ui_control.o(i.UI_Main_Display) refers to myfont.o(.constdata) for hanzi_89
    ui_control.o(i.UI_Main_Display) refers to myfont.o(.constdata) for hanzi_85
    ui_control.o(i.UI_Main_Display) refers to myfont.o(.constdata) for hanzi_120
    ui_control.o(i.UI_Main_Display) refers to myfont.o(.constdata) for hanzi_121
    ui_control.o(i.UI_Main_Display) refers to myfont.o(.constdata) for hanzi_123
    ui_control.o(i.UI_Main_Display) refers to myfont.o(.constdata) for hanzi_18
    ui_control.o(i.UI_Main_Display) refers to myfont.o(.constdata) for hanzi_124
    ui_control.o(i.UI_Main_Display) refers to myfont.o(.constdata) for hanzi_125
    ui_control.o(i.UI_Main_Display) refers to myfont.o(.constdata) for hanzi_126
    ui_control.o(i.UI_Running_ButtonRespond) refers to c_protocol.o(i.EndProgram) for EndProgram
    ui_control.o(i.UI_Running_ButtonRespond) refers to c_protocol_1.o(i.EndProgram) for EndProgram
    ui_control.o(i.UI_Running_ButtonRespond) refers to pwm.o(i.Motor_DirectionSet) for Motor_DirectionSet
    ui_control.o(i.UI_Running_ButtonRespond) refers to ui_control.o(.data) for .data
    ui_control.o(i.UI_Shutdown_ButtonRespond) refers to ui_control.o(.data) for .data
    ui_control.o(i.UI_Shutdown_ButtonRespond) refers to ui_control.o(.bss) for .bss
    ui_control.o(i.UI_Shutdown_Display) refers to uc1638c.o(i.LCD_Display_pic) for LCD_Display_pic
    ui_control.o(i.UI_Shutdown_Display) refers to ui_pic.o(.constdata) for PORT_3
    ui_control.o(i.UI_Shutdown_Display) refers to ui_pic.o(.constdata) for shutdown
    ui_control.o(i.UI_Shutdown_Display) refers to ui_control.o(.data) for .data
    ui_control.o(i.UI_Shutdown_Display) refers to ui_pic.o(.constdata) for NOT_2
    ui_control.o(i.UI_Shutdown_Display) refers to ui_pic.o(.constdata) for YES_2
    ui_control.o(i.UI_Shutdown_Display) refers to ui_pic.o(.constdata) for NOT_1
    ui_control.o(i.UI_Shutdown_Display) refers to ui_pic.o(.constdata) for YES_1
    ui_control.o(i.UI_Sub_ButtonrRespond) refers to c_protocol.o(i.EndProgram) for EndProgram
    ui_control.o(i.UI_Sub_ButtonrRespond) refers to c_protocol_1.o(i.EndProgram) for EndProgram
    ui_control.o(i.UI_Sub_ButtonrRespond) refers to strcpy.o(.text) for strcpy
    ui_control.o(i.UI_Sub_ButtonrRespond) refers to myfatfs.o(i.scan_files) for scan_files
    ui_control.o(i.UI_Sub_ButtonrRespond) refers to myfatfs.o(i.inversion_file_load) for inversion_file_load
    ui_control.o(i.UI_Sub_ButtonrRespond) refers to strlen.o(.text) for strlen
    ui_control.o(i.UI_Sub_ButtonrRespond) refers to printfa.o(i.__0sprintf) for __2sprintf
    ui_control.o(i.UI_Sub_ButtonrRespond) refers to c_protocol.o(i.EnterProgram) for EnterProgram
    ui_control.o(i.UI_Sub_ButtonrRespond) refers to c_protocol_1.o(i.EnterProgram) for EnterProgram
    ui_control.o(i.UI_Sub_ButtonrRespond) refers to ff.o(i.f_open) for f_open
    ui_control.o(i.UI_Sub_ButtonrRespond) refers to ff.o(i.f_read) for f_read
    ui_control.o(i.UI_Sub_ButtonrRespond) refers to ff.o(i.f_close) for f_close
    ui_control.o(i.UI_Sub_ButtonrRespond) refers to ui_control.o(.data) for .data
    ui_control.o(i.UI_Sub_ButtonrRespond) refers to myfatfs.o(.data) for window_top
    ui_control.o(i.UI_Sub_ButtonrRespond) refers to myfatfs.o(.data) for file_name_num
    ui_control.o(i.UI_Sub_ButtonrRespond) refers to myfatfs.o(.bss) for fpath
    ui_control.o(i.UI_Sub_ButtonrRespond) refers to myfatfs.o(.bss) for myfilename
    ui_control.o(i.UI_Sub_ButtonrRespond) refers to myfatfs.o(.bss) for PICTURE_Buff
    ui_control.o(i.UI_Sub_ButtonrRespond) refers to myfatfs.o(.bss) for file2
    ui_control.o(i.UI_Sub_ButtonrRespond) refers to pwm.o(i.Motor_PowerSet) for Motor_PowerSet
    ui_control.o(i.UI_Sub_ButtonrRespond) refers to stm324xg_eval.o(i.STM_EVAL_LEDOn) for STM_EVAL_LEDOn
    ui_control.o(i.UI_Sub_ButtonrRespond) refers to stm324xg_eval.o(i.STM_EVAL_LEDOff) for STM_EVAL_LEDOff
    ui_control.o(i.UI_Sub_ButtonrRespond) refers to stm324xg_eval.o(i.STM_EVAL_LEDToggle) for STM_EVAL_LEDToggle
    ui_control.o(i.UI_Sub_ButtonrRespond) refers to outputworkmode.o(i.Large_Motor_Off) for Large_Motor_Off
    ui_control.o(i.UI_Sub_ButtonrRespond) refers to usart_sensor.o(i.ChangeMode) for ChangeMode
    ui_control.o(i.UI_Sub_ButtonrRespond) refers to myfatfs.o(.bss) for file3
    ui_control.o(i.UI_Sub_ButtonrRespond) refers to myfatfs.o(.data) for SOUND_Buff_index
    ui_control.o(i.UI_Sub_ButtonrRespond) refers to myfatfs.o(.data) for SOUND_Buff_flag
    ui_control.o(i.UI_Sub_ButtonrRespond) refers to myfatfs.o(.data) for SOUND_UI
    ui_control.o(i.UI_Sub_ButtonrRespond) refers to myfatfs.o(.bss) for oldfpath
    ui_control.o(i.UI_Sub_ButtonrRespond) refers to usart_sensor.o(.bss) for Uart4RecMes
    ui_control.o(i.UI_Sub_ButtonrRespond) refers to spi3.o(i.MYDMA_Disable) for MYDMA_Disable
    ui_control.o(i.UI_Sub_ButtonrRespond) refers to stm32f4xx_spi.o(i.SPI_I2S_DMACmd) for SPI_I2S_DMACmd
    ui_control.o(i.UI_Sub_ButtonrRespond) refers to stm32f4xx_spi.o(i.SPI_I2S_DeInit) for SPI_I2S_DeInit
    ui_control.o(i.UI_Sub_ButtonrRespond) refers to vs10xx.o(i.Mp3_GPIO_Init) for Mp3_GPIO_Init
    ui_control.o(i.UI_Sub_ButtonrRespond) refers to vs10xx.o(i.VS_Set_Vol) for VS_Set_Vol
    ui_control.o(i.UI_Sub_ButtonrRespond) refers to w25qxx.o(i.W25QXX_Read) for W25QXX_Read
    ui_control.o(i.UI_Sub_ButtonrRespond) refers to w25qxx.o(i.W25QXX_Write) for W25QXX_Write
    ui_control.o(i.UI_Sub_ButtonrRespond) refers to bluetooth.o(i.bluetooth_respond) for bluetooth_respond
    ui_control.o(i.UI_Sub_ButtonrRespond) refers to printfa.o(i.__0printf) for __2printf
    ui_control.o(i.UI_Sub_ButtonrRespond) refers to ff.o(i.f_mkfs) for f_mkfs
    ui_control.o(i.UI_Sub_ButtonrRespond) refers to ff.o(i.f_mount) for f_mount
    ui_control.o(i.UI_Sub_ButtonrRespond) refers to ui_control.o(i.GetShowModeNum) for GetShowModeNum
    ui_control.o(i.UI_Sub_ButtonrRespond) refers to ui_control.o(i.ChangeSensorMode) for ChangeSensorMode
    ui_control.o(i.UI_Sub_ButtonrRespond) refers to main.o(.data) for sound_volume
    ui_control.o(i.UI_Sub_ButtonrRespond) refers to main.o(.data) for format_flag
    ui_control.o(i.UI_Sub_ButtonrRespond) refers to c_protocol.o(.bss) for Channel_State
    ui_control.o(i.UI_Sub_ButtonrRespond) refers to c_protocol_1.o(.bss) for Channel_State
    ui_control.o(i.UI_Sub_Display) refers to uc1638c.o(i.LCD_clear) for LCD_clear
    ui_control.o(i.UI_Sub_Display) refers to ui_control.o(i.Running_Interface) for Running_Interface
    ui_control.o(i.UI_Sub_Display) refers to uc1638c.o(i.LCD_Display_pic) for LCD_Display_pic
    ui_control.o(i.UI_Sub_Display) refers to text.o(i.Show_Str) for Show_Str
    ui_control.o(i.UI_Sub_Display) refers to uc1638c.o(i.LCD_Invert) for LCD_Invert
    ui_control.o(i.UI_Sub_Display) refers to uc1638c.o(i.LCD_ShowChar) for LCD_ShowChar
    ui_control.o(i.UI_Sub_Display) refers to ui_control.o(i.Showusartname) for Showusartname
    ui_control.o(i.UI_Sub_Display) refers to main.o(.data) for language
    ui_control.o(i.UI_Sub_Display) refers to myfont.o(.constdata) for hanzi_45
    ui_control.o(i.UI_Sub_Display) refers to myfont.o(.constdata) for hanzi_98
    ui_control.o(i.UI_Sub_Display) refers to myfont.o(.constdata) for hanzi_27
    ui_control.o(i.UI_Sub_Display) refers to ui_pic.o(.constdata) for FILETAB
    ui_control.o(i.UI_Sub_Display) refers to myfatfs.o(.data) for window_top
    ui_control.o(i.UI_Sub_Display) refers to myfatfs.o(.data) for file_name_num
    ui_control.o(i.UI_Sub_Display) refers to myfatfs.o(.bss) for file_load
    ui_control.o(i.UI_Sub_Display) refers to ui_pic.o(.constdata) for folder_icon
    ui_control.o(i.UI_Sub_Display) refers to ui_pic.o(.constdata) for program_icon
    ui_control.o(i.UI_Sub_Display) refers to ui_pic.o(.constdata) for photo_icon
    ui_control.o(i.UI_Sub_Display) refers to ui_pic.o(.constdata) for sound_icon
    ui_control.o(i.UI_Sub_Display) refers to ui_control.o(.data) for .data
    ui_control.o(i.UI_Sub_Display) refers to ui_pic.o(.constdata) for IrCtl12
    ui_control.o(i.UI_Sub_Display) refers to ui_pic.o(.constdata) for P1
    ui_control.o(i.UI_Sub_Display) refers to ui_pic.o(.constdata) for P2
    ui_control.o(i.UI_Sub_Display) refers to myfont.o(.constdata) for hanzi_17
    ui_control.o(i.UI_Sub_Display) refers to c_protocol.o(.bss) for Channel_State
    ui_control.o(i.UI_Sub_Display) refers to c_protocol_1.o(.bss) for Channel_State
    ui_control.o(i.UI_Sub_Display) refers to ui_pic.o(.constdata) for P3
    ui_control.o(i.UI_Sub_Display) refers to ui_pic.o(.constdata) for P4
    ui_control.o(i.UI_Sub_Display) refers to ui_pic.o(.constdata) for PA
    ui_control.o(i.UI_Sub_Display) refers to ui_pic.o(.constdata) for PB
    ui_control.o(i.UI_Sub_Display) refers to ui_pic.o(.constdata) for PC
    ui_control.o(i.UI_Sub_Display) refers to ui_pic.o(.constdata) for PD
    ui_control.o(i.UI_Sub_Display) refers to myfont.o(.constdata) for hanzi_70
    ui_control.o(i.UI_Sub_Display) refers to myfont.o(.constdata) for hanzi_83
    ui_control.o(i.UI_Sub_Display) refers to myfont.o(.constdata) for hanzi_68
    ui_control.o(i.UI_Sub_Display) refers to myfont.o(.constdata) for hanzi_25
    ui_control.o(i.UI_Sub_Display) refers to myfont.o(.constdata) for hanzi_18
    ui_control.o(i.UI_Sub_Display) refers to myfont.o(.constdata) for hanzi_74
    ui_control.o(i.UI_Sub_Display) refers to myfont.o(.constdata) for hanzi_65
    ui_control.o(i.UI_Sub_Display) refers to myfont.o(.constdata) for hanzi_6
    ui_control.o(i.UI_Sub_Display) refers to myfont.o(.constdata) for hanzi_48
    ui_control.o(i.UI_Sub_Display) refers to myfont.o(.constdata) for hanzi_92
    ui_control.o(i.UI_Sub_Display) refers to myfont.o(.constdata) for hanzi_46
    ui_control.o(i.UI_Sub_Display) refers to myfont.o(.constdata) for hanzi_59
    ui_control.o(i.UI_Sub_Display) refers to myfont.o(.constdata) for hanzi_28
    ui_control.o(i.UI_Sub_Display) refers to myfont.o(.constdata) for hanzi_22
    ui_control.o(i.UI_Sub_Display) refers to uc1638c.o(i.LCD_ShowString) for LCD_ShowString
    ui_control.o(i.UI_Sub_Display) refers to ui_control.o(i.SelectSensorPicture) for SelectSensorPicture
    ui_control.o(i.UI_Sub_Display) refers to ui_control.o(i.ShowSenserData) for ShowSenserData
    ui_control.o(i.UI_Sub_Display) refers to myfont.o(.constdata) for hanzi_69
    ui_control.o(i.UI_Sub_Display) refers to myfont.o(.constdata) for hanzi_9
    ui_control.o(i.UI_Sub_Display) refers to myfont.o(.constdata) for hanzi_60
    ui_control.o(i.UI_Sub_Display) refers to myfont.o(.constdata) for hanzi_110
    ui_control.o(i.UI_Sub_Display) refers to myfont.o(.constdata) for hanzi_90
    ui_control.o(i.UI_Sub_Display) refers to myfont.o(.constdata) for hanzi_75
    ui_control.o(i.UI_Sub_Display) refers to myfont.o(.constdata) for hanzi_104
    ui_control.o(i.UI_Sub_Display) refers to myfont.o(.constdata) for hanzi_14
    ui_control.o(i.UI_Sub_Display) refers to myfont.o(.constdata) for hanzi_64
    ui_control.o(i.UI_Sub_Display) refers to getspeed.o(.bss) for SumPluseForDisplay
    ui_control.o(i.UI_Sub_Display) refers to ui_pic.o(.constdata) for MotorCtlBC
    ui_control.o(i.UI_Sub_Display) refers to ui_pic.o(.constdata) for MotorCtlAD
    ui_control.o(i.UI_Sub_Display) refers to ui_pic.o(.constdata) for IrCtl34
    ui_control.o(i.UI_Sub_Display) refers to ui_pic.o(.constdata) for sleep_chinese
    ui_control.o(i.UI_Sub_Display) refers to ui_pic.o(.constdata) for Language_pic
    ui_control.o(i.UI_Sub_Display) refers to ui_pic.o(.constdata) for volume_chinese
    ui_control.o(i.UI_Sub_Display) refers to myfont.o(.constdata) for hanzi_76
    ui_control.o(i.UI_Sub_Display) refers to myfont.o(.constdata) for hanzi_54
    ui_control.o(i.UI_Sub_Display) refers to myfont.o(.constdata) for hanzi_115
    ui_control.o(i.UI_Sub_Display) refers to myfont.o(.constdata) for hanzi_116
    ui_control.o(i.UI_Sub_Display) refers to uc1638c.o(i.LCD_ShowNum) for LCD_ShowNum
    ui_control.o(i.UI_Sub_Display) refers to bluetooth.o(.data) for control
    ui_control.o(i.UI_Sub_Display) refers to ui_pic.o(.constdata) for bluetooth_icon2
    ui_control.o(i.UI_Sub_Display) refers to bluetooth.o(.bss) for device
    ui_control.o(i.UI_Sub_Display) refers to ui_pic.o(.constdata) for bluetooth_tip
    ui_control.o(i.UI_Sub_Display) refers to ui_pic.o(.constdata) for bluetooth_yes
    ui_control.o(i.UI_Sub_Display) refers to ui_pic.o(.constdata) for bluetooth_no
    ui_control.o(i.UI_Sub_Display) refers to ui_pic.o(.constdata) for bluetooth
    ui_control.o(i.UI_Sub_Display) refers to ui_pic.o(.constdata) for bluetooth_con
    ui_control.o(i.UI_Sub_Display) refers to ui_pic.o(.constdata) for bluetooth_close_error
    ui_control.o(i.UI_Sub_Display) refers to ui_pic.o(.constdata) for bluetooth_ins
    ui_control.o(i.UI_Sub_Display) refers to strcmp.o(.text) for strcmp
    ui_control.o(i.UI_Sub_Display) refers to myfatfs.o(i.mf_showfree) for mf_showfree
    ui_control.o(i.UI_Sub_Display) refers to f2d.o(.text) for __aeabi_f2d
    ui_control.o(i.UI_Sub_Display) refers to printfa.o(i.__0sprintf) for __2sprintf
    ui_control.o(i.UI_Sub_Display) refers to ui_pic.o(.constdata) for bluetooth_choice_rac
    ui_control.o(i.UI_Sub_Display) refers to ui_pic.o(.constdata) for bluetooth_choice_rab
    ui_control.o(i.UI_Sub_Display) refers to ui_pic.o(.constdata) for bluetooth_remove
    ui_control.o(i.UI_Sub_Display) refers to ui_pic.o(.constdata) for bluetooth_connect
    ui_control.o(i.UI_Sub_Display) refers to ui_pic.o(.constdata) for bluetooth_break
    ui_control.o(i.UI_Sub_Display) refers to ui_pic.o(.constdata) for brick_info
    ui_control.o(i.UI_Sub_Display) refers to myfont.o(.constdata) for hanzi_105
    ui_control.o(i.UI_Sub_Display) refers to myfont.o(.constdata) for hanzi_89
    ui_control.o(i.UI_Sub_Display) refers to myfont.o(.constdata) for hanzi_85
    ui_control.o(i.UI_Sub_Display) refers to myfont.o(.constdata) for hanzi_106
    ui_control.o(i.UI_Sub_Display) refers to myfont.o(.constdata) for hanzi_107
    ui_control.o(i.UI_Sub_Display) refers to main.o(.constdata) for version
    ui_control.o(i.UI_Sub_Display) refers to main.o(.constdata) for System_ID
    ui_control.o(i.UI_Sub_Display) refers to myfont.o(.constdata) for hanzi_108
    ui_control.o(i.UI_Sub_Display) refers to myfont.o(.constdata) for hanzi_109
    ui_control.o(i.UI_Sub_Display) refers to ui_control.o(i.GetShowModeNum) for GetShowModeNum
    ui_control.o(i.UI_Sub_Display) refers to ui_control.o(i.SelectSensorMode) for SelectSensorMode
    ui_control.o(i.UI_Sub_Display) refers to input.o(i.LegoModetoEstMode) for LegoModetoEstMode
    ui_control.o(i.UI_Sub_Display) refers to main.o(.constdata) for System_Name
    ui_control.o(i.UI_Sub_Display) refers to myfont.o(.constdata) for hanzi_111
    ui_control.o(i.UI_Sub_Display) refers to myfont.o(.constdata) for hanzi_112
    ui_control.o(i.UI_Sub_Display) refers to myfont.o(.constdata) for hanzi_10
    ui_control.o(i.UI_Sub_Display) refers to myfont.o(.constdata) for hanzi_122
    ui_control.o(i.UI_Sub_Display) refers to myfont.o(.constdata) for hanzi_123
    ui_control.o(i.UI_Sub_Display) refers to main.o(.data) for format_flag
    ui_control.o(i.UI_Sub_Display) refers to myfont.o(.constdata) for hanzi_127
    ui_control.o(i.UI_Sub_Display) refers to myfont.o(.constdata) for hanzi_128
    ui_control.o(i.UI_Sub_Display) refers to myfont.o(.constdata) for hanzi_129
    ui_control.o(i.UI_Sub_Display) refers to myfont.o(.constdata) for hanzi_130
    ui_control.o(i.UI_Sub_Display) refers to usart_sensor.o(.bss) for UartPort
    ui_control.o(i.UI_Update) refers to uc1638c.o(i.LCD_clear) for LCD_clear
    ui_control.o(i.UI_Update) refers to ui_control.o(i.UI_Main_Display) for UI_Main_Display
    ui_control.o(i.UI_Update) refers to ui_control.o(i.UI_Sub_Display) for UI_Sub_Display
    ui_control.o(i.UI_Update) refers to ui_control.o(i.UI_Shutdown_Display) for UI_Shutdown_Display
    ui_control.o(i.UI_Update) refers to ui_control.o(i.Running_Interface) for Running_Interface
    ui_control.o(i.UI_Update) refers to uc1638c.o(i.LCD_Display_pic) for LCD_Display_pic
    ui_control.o(i.UI_Update) refers to uc1638c.o(i.LCD_refresh) for LCD_refresh
    ui_control.o(i.UI_Update) refers to ui_control.o(i.UI_Confirm_Display) for UI_Confirm_Display
    ui_control.o(i.UI_Update) refers to myfatfs.o(.bss) for PICTURE_Buff
    ui_control.o(i.UI_Update) refers to ui_control.o(.data) for .data
    ui_control.o(i.UI_connecting_BluetoothRespond) refers to uc1638c.o(i.LCD_Display_pic) for LCD_Display_pic
    ui_control.o(i.UI_connecting_BluetoothRespond) refers to bluetooth.o(i.diffrence_judge) for diffrence_judge
    ui_control.o(i.UI_connecting_BluetoothRespond) refers to w25qxx.o(i.W25QXX_Write) for W25QXX_Write
    ui_control.o(i.UI_connecting_BluetoothRespond) refers to strcpy.o(.text) for strcpy
    ui_control.o(i.UI_connecting_BluetoothRespond) refers to ui_control.o(i.NotificationBar) for NotificationBar
    ui_control.o(i.UI_connecting_BluetoothRespond) refers to uc1638c.o(i.LCD_Invert) for LCD_Invert
    ui_control.o(i.UI_connecting_BluetoothRespond) refers to printfa.o(i.__0printf) for __2printf
    ui_control.o(i.UI_connecting_BluetoothRespond) refers to ui_pic.o(.constdata) for bluetooth_linkjudge
    ui_control.o(i.UI_connecting_BluetoothRespond) refers to ui_control.o(.data) for .data
    ui_control.o(i.UI_connecting_BluetoothRespond) refers to bluetooth.o(.data) for time_break
    ui_control.o(i.UI_connecting_BluetoothRespond) refers to bluetooth.o(.bss) for device_bond
    ui_control.o(.data) refers to ui_control.o(.conststring) for .conststring
    ui_control.o(.data) refers to ui_control.o(.conststring) for .conststring
    text.o(i.Get_HzMat) refers to uc1638c.o(i.LCD_ShowString) for LCD_ShowString
    text.o(i.Get_HzMat) refers to w25qxx.o(i.W25QXX_Read) for W25QXX_Read
    text.o(i.Get_HzMat) refers to text.o(.bss) for .bss
    text.o(i.Show_Font) refers to text.o(i.Get_HzMat) for Get_HzMat
    text.o(i.Show_Font) refers to uc1638c.o(i.LCD_DrawPoint) for LCD_DrawPoint
    text.o(i.Show_Font) refers to uc1638c.o(i.LCD_refresh) for LCD_refresh
    text.o(i.Show_Str) refers to text.o(i.Show_Font) for Show_Font
    text.o(i.Show_Str) refers to uc1638c.o(i.LCD_ShowChar) for LCD_ShowChar
    text.o(i.font_init) refers to w25qxx.o(i.W25QXX_Init) for W25QXX_Init
    text.o(i.font_init) refers to w25qxx.o(i.W25QXX_Read) for W25QXX_Read
    text.o(i.font_init) refers to text.o(.bss) for .bss
    test.o(i.Motor_Movement) refers to outputworkmode.o(i.Meduim_Motor_OnForDegrees) for Meduim_Motor_OnForDegrees
    test.o(i.Motor_Movement) refers to outputworkmode.o(i.Large_Motor_OnForDegrees) for Large_Motor_OnForDegrees
    test.o(i.Motor_Movement) refers to stm32f4xx_dma.o(i.DMA_GetCurrDataCounter) for DMA_GetCurrDataCounter
    test.o(i.Motor_Movement) refers to spi3.o(i.MYDMA_Enable) for MYDMA_Enable
    test.o(i.Motor_Movement) refers to test.o(.data) for .data
    test.o(i.Motor_Movement) refers to getspeed.o(.bss) for SumPluseForDisplay
    test.o(i.Motor_Movement) refers to c_protocol.o(.bss) for Channel_State
    test.o(i.Motor_Movement) refers to c_protocol_1.o(.bss) for Channel_State
    test.o(i.Motor_Movement) refers to myfatfs.o(.data) for buttonsound_index
    test.o(i.Motor_Movement) refers to music.o(.constdata) for music
    test.o(i.Motor_Movement) refers to spi3.o(.bss) for SPI_Mp3_TxBuf
    test.o(i.Motor_Movement) refers to ui_control.o(.data) for tab_flag
    test.o(i.UI_Test) refers to usart_sensor.o(i.ChangeMode) for ChangeMode
    test.o(i.UI_Test) refers to uc1638c.o(i.LCD_clear) for LCD_clear
    test.o(i.UI_Test) refers to uc1638c.o(i.LCD_ShowString) for LCD_ShowString
    test.o(i.UI_Test) refers to adc.o(i.ReadADC3AverageValue) for ReadADC3AverageValue
    test.o(i.UI_Test) refers to uc1638c.o(i.LCD_ShowNum) for LCD_ShowNum
    test.o(i.UI_Test) refers to adc.o(i.ReadADC1AverageValue) for ReadADC1AverageValue
    test.o(i.UI_Test) refers to excutefunction.o(i.Byte4ToFloat) for Byte4ToFloat
    test.o(i.UI_Test) refers to uc1638c.o(i.LCD_ShowFloat) for LCD_ShowFloat
    test.o(i.UI_Test) refers to c_protocol.o(.bss) for Channel_State
    test.o(i.UI_Test) refers to c_protocol_1.o(.bss) for Channel_State
    test.o(i.UI_Test) refers to ui_control.o(.data) for ButtonAction
    test.o(i.UI_Test) refers to getspeed.o(.bss) for SumPluseForDisplay
    test.o(i.UI_Test) refers to exti.o(.bss) for Pluse
    test.o(i.UI_Test) refers to test.o(.data) for .data
    test.o(i.UI_Test) refers to stm32f4xx_gpio.o(i.GPIO_ReadInputDataBit) for GPIO_ReadInputDataBit
    test.o(i.UI_Test) refers to stm324xg_eval.o(i.STM_EVAL_LEDOn) for STM_EVAL_LEDOn
    test.o(i.UI_Test) refers to stm324xg_eval.o(i.STM_EVAL_LEDOff) for STM_EVAL_LEDOff
    test.o(i.UI_Test) refers to myfatfs.o(i.mf_showfree) for mf_showfree
    test.o(i.UI_Test) refers to f2d.o(.text) for __aeabi_f2d
    test.o(i.UI_Test) refers to printfa.o(i.__0sprintf) for __2sprintf
    test.o(i.UI_Test) refers to uc1638c.o(i.LCD_Display_pic) for LCD_Display_pic
    test.o(i.UI_Test) refers to uc1638c.o(i.LCD_refresh) for LCD_refresh
    test.o(i.UI_Test) refers to cascade.o(.data) for SlaveComConnected
    test.o(i.UI_Test) refers to usbh_hid_core.o(.data) for HostComConnected
    test.o(i.UI_Test) refers to w25qxx.o(.data) for W25QXX_TYPE
    test.o(i.UI_Test) refers to myfont.o(.constdata) for hanzi_14
    test.o(i.UI_Test) refers to myfont.o(.constdata) for hanzi_104
    test.o(i.UI_Test) refers to main.o(.data) for factorytest
    main.o(i.BriButton_Handle) refers to brickperipheral.o(.data) for Bributton_state
    main.o(i.BriButton_Handle) refers to brickperipheral.o(.data) for Bributton_value
    main.o(i.HID_SendBuff) refers to usbd_hid_core.o(i.USBD_HID_SendReport) for USBD_HID_SendReport
    main.o(i.HID_SendBuff) refers to main.o(.bss) for .bss
    main.o(i.HID_SendBuffToHost) refers to usbd_hid_core.o(i.USBD_HID_SendReport) for USBD_HID_SendReport
    main.o(i.HID_SendBuffToHost) refers to cascade.o(.data) for SlaveComConnected
    main.o(i.HID_SendBuffToHost) refers to main.o(.bss) for .bss
    main.o(i.LightControl) refers to stm324xg_eval.o(i.STM_EVAL_LEDOn) for STM_EVAL_LEDOn
    main.o(i.LightControl) refers to stm324xg_eval.o(i.STM_EVAL_LEDOff) for STM_EVAL_LEDOff
    main.o(i.LightControl) refers to stm324xg_eval.o(i.STM_EVAL_LEDToggle) for STM_EVAL_LEDToggle
    main.o(i.LightControl) refers to brickperipheral.o(.data) for BriLight_flag
    main.o(i.Sleephandle) refers to main.o(i.NVIC_SystemReset) for NVIC_SystemReset
    main.o(i.Sleephandle) refers to main.o(.data) for .data
    main.o(i.Sleephandle) refers to c_protocol.o(.data) for updateflash_start
    main.o(i.Sleephandle) refers to c_protocol_1.o(.data) for updateflash_start
    main.o(i.Sleephandle) refers to stm32fxxx_it.o(.data) for SystemCountTime
    main.o(i.SoundPlay) refers to stm32f4xx_dma.o(i.DMA_GetCurrDataCounter) for DMA_GetCurrDataCounter
    main.o(i.SoundPlay) refers to spi3.o(i.MYDMA_Enable) for MYDMA_Enable
    main.o(i.SoundPlay) refers to ff.o(i.f_lseek) for f_lseek
    main.o(i.SoundPlay) refers to ff.o(i.f_read) for f_read
    main.o(i.SoundPlay) refers to vs10xx.o(i.flush_buffer) for flush_buffer
    main.o(i.SoundPlay) refers to ff.o(i.f_close) for f_close
    main.o(i.SoundPlay) refers to myfatfs.o(.data) for SOUND_Buff_flag
    main.o(i.SoundPlay) refers to ui_control.o(.data) for tab_flag
    main.o(i.SoundPlay) refers to myfatfs.o(.data) for downloadsound_flag
    main.o(i.SoundPlay) refers to spi3.o(.bss) for SPI_Mp3_TxBuf
    main.o(i.SoundPlay) refers to myfatfs.o(.data) for SOUND_UI
    main.o(i.SoundPlay) refers to myfatfs.o(.data) for buttonsound_index
    main.o(i.SoundPlay) refers to music.o(.constdata) for Buttonsound
    main.o(i.SoundPlay) refers to myfatfs.o(.data) for downloadsound_index
    main.o(i.SoundPlay) refers to music.o(.constdata) for downloadsound
    main.o(i.SoundPlay) refers to myfatfs.o(.bss) for file3
    main.o(i.SoundPlay) refers to myfatfs.o(.data) for SOUND_Buff_index
    main.o(i.SoundPlay) refers to myfatfs.o(.data) for fnum
    main.o(i.SoundPlay) refers to piano.o(.data) for piano_Buff_flag
    main.o(i.SoundPlay) refers to piano.o(.constdata) for PIANO_LEN
    main.o(i.SoundPlay) refers to piano.o(.data) for piano_num
    main.o(i.SoundPlay) refers to piano.o(.data) for piano_index
    main.o(i.SoundPlay) refers to piano.o(.bss) for piano_Buff
    main.o(i.USBD_ConnectionCheck) refers to cascade.o(.data) for SlaveComConnected
    main.o(i.USBD_ConnectionCheck) refers to disassembly.o(.data) for programflag
    main.o(i.USBD_ConnectionCheck) refers to brickperipheral.o(.data) for BriLight_flag
    main.o(i.USBH_Connect_Check) refers to usbh_usr.o(i.USBH_Check_EnumeDead) for USBH_Check_EnumeDead
    main.o(i.USBH_Connect_Check) refers to printfa.o(i.__0printf) for __2printf
    main.o(i.USBH_Connect_Check) refers to main.o(i.USBH_HID_Reconnect) for USBH_HID_Reconnect
    main.o(i.USBH_Connect_Check) refers to usbh_usr.o(i.USBH_Check_HIDCommDead) for USBH_Check_HIDCommDead
    main.o(i.USBH_Connect_Check) refers to usbh_core.o(i.USBH_DeInit) for USBH_DeInit
    main.o(i.USBH_Connect_Check) refers to usbh_usr.o(.data) for bDeviceState
    main.o(i.USBH_Connect_Check) refers to main.o(.bss) for .bss
    main.o(i.USBH_Connect_Check) refers to usbh_hid_core.o(.bss) for HID_Machine
    main.o(i.USBH_Connect_Check) refers to main.o(.data) for .data
    main.o(i.USBH_Connect_Check) refers to usbh_hid_core.o(.data) for HostComConnected
    main.o(i.USBH_Connect_Check) refers to cascade.o(.data) for usbrestart
    main.o(i.USBH_HID_Reconnect) refers to usbh_core.o(i.USBH_DeInit) for USBH_DeInit
    main.o(i.USBH_HID_Reconnect) refers to usb_core.o(i.USB_OTG_DisableGlobalInt) for USB_OTG_DisableGlobalInt
    main.o(i.USBH_HID_Reconnect) refers to stm32f4xx_rcc.o(i.RCC_AHB2PeriphClockCmd) for RCC_AHB2PeriphClockCmd
    main.o(i.USBH_HID_Reconnect) refers to memseta.o(.text) for __aeabi_memclr4
    main.o(i.USBH_HID_Reconnect) refers to usbh_core.o(i.USBH_Init) for USBH_Init
    main.o(i.USBH_HID_Reconnect) refers to main.o(.bss) for .bss
    main.o(i.USBH_HID_Reconnect) refers to usbh_usr.o(.data) for USR_Callbacks
    main.o(i.USBH_HID_Reconnect) refers to usbh_hid_core.o(.data) for HID_cb
    main.o(i.bluetoothAT) refers to usart6.o(i.usart6_init) for usart6_init
    main.o(i.bluetoothAT) refers to bluetooth.o(i.bluetooth_init) for bluetooth_init
    main.o(i.bluetoothAT) refers to printfa.o(i.__0printf) for __2printf
    main.o(i.bluetoothAT) refers to main.o(.data) for .data
    main.o(i.config) refers to system_stm32f4xx.o(i.SystemInit) for SystemInit
    main.o(i.config) refers to misc.o(i.NVIC_SetVectorTable) for NVIC_SetVectorTable
    main.o(i.config) refers to usart6.o(i.usart6_init) for usart6_init
    main.o(i.config) refers to printfa.o(i.__0printf) for __2printf
    main.o(i.config) refers to w25qxx.o(i.W25QXX_Init) for W25QXX_Init
    main.o(i.config) refers to w25qxx.o(i.W25QXX_ReadID) for W25QXX_ReadID
    main.o(i.config) refers to text.o(i.font_init) for font_init
    main.o(i.config) refers to ff.o(i.f_mount) for f_mount
    main.o(i.config) refers to ff.o(i.f_mkfs) for f_mkfs
    main.o(i.config) refers to stm324xg_eval.o(i.STM_EVAL_LEDInit) for STM_EVAL_LEDInit
    main.o(i.config) refers to stm324xg_eval.o(i.STM_EVAL_LEDOn) for STM_EVAL_LEDOn
    main.o(i.config) refers to timer3.o(i.TIM3_Int_Init) for TIM3_Int_Init
    main.o(i.config) refers to ui_control.o(i.UI_Control_Init) for UI_Control_Init
    main.o(i.config) refers to uc1638c.o(i.LCD_clear) for LCD_clear
    main.o(i.config) refers to uc1638c.o(i.LCD_refresh) for LCD_refresh
    main.o(i.config) refers to usbh_core.o(i.USBH_Init) for USBH_Init
    main.o(i.config) refers to usbd_core.o(i.USBD_Init) for USBD_Init
    main.o(i.config) refers to misc.o(i.NVIC_PriorityGroupConfig) for NVIC_PriorityGroupConfig
    main.o(i.config) refers to stm324xg_eval.o(i.STM_EVAL_LEDOff) for STM_EVAL_LEDOff
    main.o(i.config) refers to power.o(i.POWER_Init) for POWER_Init
    main.o(i.config) refers to usart1.o(i.usart1_init) for usart1_init
    main.o(i.config) refers to usart2.o(i.usart2_init) for usart2_init
    main.o(i.config) refers to usart3.o(i.usart3_init) for usart3_init
    main.o(i.config) refers to uart4.o(i.uart4_init) for uart4_init
    main.o(i.config) refers to input.o(i.Input_init) for Input_init
    main.o(i.config) refers to iic.o(i.IIC_Init) for IIC_Init
    main.o(i.config) refers to adc.o(i.Adc1_Init) for Adc1_Init
    main.o(i.config) refers to adc.o(i.Adc3_Init) for Adc3_Init
    main.o(i.config) refers to battery.o(i.Battery_Init) for Battery_Init
    main.o(i.config) refers to w25qxx.o(i.W25QXX_Read) for W25QXX_Read
    main.o(i.config) refers to w25qxx.o(i.W25QXX_Write) for W25QXX_Write
    main.o(i.config) refers to stm32f4xx_spi.o(i.SPI_I2S_DeInit) for SPI_I2S_DeInit
    main.o(i.config) refers to vs10xx.o(i.Mp3_GPIO_Init) for Mp3_GPIO_Init
    main.o(i.config) refers to spi3.o(i.MYDMA_Config) for MYDMA_Config
    main.o(i.config) refers to vs10xx.o(i.Mp3Reset) for Mp3Reset
    main.o(i.config) refers to vs10xx.o(i.VS_Set_Vol) for VS_Set_Vol
    main.o(i.config) refers to spi3.o(i.SPI3_SetSpeed) for SPI3_SetSpeed
    main.o(i.config) refers to stm32f4xx_spi.o(i.SPI_I2S_DMACmd) for SPI_I2S_DMACmd
    main.o(i.config) refers to key.o(i.KEY_Init) for KEY_Init
    main.o(i.config) refers to rng.o(i.RNG_Init) for RNG_Init
    main.o(i.config) refers to exti.o(i.EXTIX_Init) for EXTIX_Init
    main.o(i.config) refers to outputworkmode.o(i.Output_Init) for Output_Init
    main.o(i.config) refers to bluetooth.o(i.blue_break_Init) for blue_break_Init
    main.o(i.config) refers to w25qxx.o(.data) for W25QXX_TYPE
    main.o(i.config) refers to myfatfs.o(.bss) for fs
    main.o(i.config) refers to myfatfs.o(.data) for res_flash
    main.o(i.config) refers to usbh_usr.o(.data) for USR_Callbacks
    main.o(i.config) refers to usbh_hid_core.o(.data) for HID_cb
    main.o(i.config) refers to main.o(.bss) for .bss
    main.o(i.config) refers to usbd_usr.o(.data) for USR_cb
    main.o(i.config) refers to usbd_hid_core.o(.data) for USBD_HID_cb
    main.o(i.config) refers to usbd_desc.o(.data) for USR_desc
    main.o(i.config) refers to system_stm32f4xx.o(.data) for SystemCoreClock
    main.o(i.config) refers to main.o(.data) for .data
    main.o(i.config) refers to spi3.o(.bss) for SPI_Mp3_TxBuf
    main.o(i.config) refers to bluetooth.o(.data) for bluetooth_start
    main.o(i.config) refers to bluetooth.o(.bss) for device_bond
    main.o(i.main) refers to main.o(i.config) for config
    main.o(i.main) refers to printfa.o(i.__0printf) for __2printf
    main.o(i.main) refers to usbh_core.o(i.USBH_Process) for USBH_Process
    main.o(i.main) refers to c_protocol.o(i.FrameOrFlashBuffLoseCheck) for FrameOrFlashBuffLoseCheck
    main.o(i.main) refers to c_protocol_1.o(i.FrameOrFlashBuffLoseCheck) for FrameOrFlashBuffLoseCheck
    main.o(i.main) refers to getspeed.o(i.ENC_SumAngleProcess) for ENC_SumAngleProcess
    main.o(i.main) refers to usart_sensor.o(i.UartDevice1TimerInterrupt1) for UartDevice1TimerInterrupt1
    main.o(i.main) refers to iic_sensor.o(i.iicDevice1TimerInterrupt1) for iicDevice1TimerInterrupt1
    main.o(i.main) refers to outputworkmode.o(i.ChannelMotorCheck) for ChannelMotorCheck
    main.o(i.main) refers to adc_sensor.o(i.Device3TimerInterrupt1) for Device3TimerInterrupt1
    main.o(i.main) refers to main.o(i.USBD_ConnectionCheck) for USBD_ConnectionCheck
    main.o(i.main) refers to key.o(i.KEY_Scan) for KEY_Scan
    main.o(i.main) refers to usbh_hid_core.o(i.USBH_SendDataProcess) for USBH_SendDataProcess
    main.o(i.main) refers to outputworkmode.o(i.MotorRunTime_Check) for MotorRunTime_Check
    main.o(i.main) refers to getspeed.o(i.ENC_CurrentPowerProcess) for ENC_CurrentPowerProcess
    main.o(i.main) refers to main.o(i.USBH_Connect_Check) for USBH_Connect_Check
    main.o(i.main) refers to ui_control.o(i.UI_ButtonrRespond) for UI_ButtonrRespond
    main.o(i.main) refers to test.o(i.UI_Test) for UI_Test
    main.o(i.main) refers to main.o(i.LightControl) for LightControl
    main.o(i.main) refers to main.o(i.bluetoothAT) for bluetoothAT
    main.o(i.main) refers to main.o(i.Sleephandle) for Sleephandle
    main.o(i.main) refers to adc.o(i.ReadADC3AverageValue) for ReadADC3AverageValue
    main.o(i.main) refers to main.o(i.NVIC_SystemReset) for NVIC_SystemReset
    main.o(i.main) refers to c_protocol.o(i.CheckOrder) for CheckOrder
    main.o(i.main) refers to c_protocol_1.o(i.CheckOrder) for CheckOrder
    main.o(i.main) refers to test.o(i.Motor_Movement) for Motor_Movement
    main.o(i.main) refers to myfatfs.o(i.filetest) for filetest
    main.o(i.main) refers to main.o(i.SoundPlay) for SoundPlay
    main.o(i.main) refers to excutefunction.o(i.deal_daisy_Chain) for deal_daisy_Chain
    main.o(i.main) refers to stm32fxxx_it.o(.data) for SysTick_1ms
    main.o(i.main) refers to main.o(.data) for .data
    main.o(i.main) refers to stm32fxxx_it.o(.data) for SystemCountTime
    main.o(i.main) refers to disassembly.o(.bss) for Thread
    main.o(i.main) refers to disassembly.o(.data) for programflag
    main.o(i.main) refers to main.o(.bss) for .bss
    main.o(i.main) refers to getspeed.o(.bss) for SumPluseForDisplay
    main.o(i.main) refers to getspeed.o(.bss) for SumPluse
    main.o(i.main) refers to c_protocol.o(.bss) for Channel_State
    main.o(i.main) refers to c_protocol_1.o(.bss) for Channel_State
    main.o(i.main) refers to ui_control.o(.data) for ButtonAction
    main.o(i.main) refers to brickperipheral.o(.data) for Bributton_value
    main.o(i.main) refers to usbh_hid_core.o(.data) for reportLen
    main.o(i.main) refers to disassembly.o(.bss) for Timer
    main.o(i.main) refers to stm32fxxx_it.o(.data) for SoundTime
    main.o(i.main) refers to getspeed.o(.bss) for CurrentPower
    main.o(i.main) refers to usart6.o(.data) for usart6_flag
    main.o(i.main) refers to disassembly.o(.data) for ThreadNow
    main.o(i.main) refers to disassembly.o(.data) for pc
    main.o(i.main) refers to disassembly.o(ccmram) for Flash_Buff
    main.o(i.main) refers to disassembly.o(.data) for Byte_code_excute
    main.o(i.main) refers to ui_control.o(.data) for UIRUN_flag
    main.o(i.main) refers to cascade.o(.bss) for Cascade_Function
    stm32fxxx_it.o(i.GetProgramTimeMs) refers to stm32fxxx_it.o(.data) for .data
    stm32fxxx_it.o(i.GetSystemTimeMs) refers to stm32fxxx_it.o(.data) for .data
    stm32fxxx_it.o(i.OTG_FS_IRQHandler) refers to usb_dcd_int.o(i.USBD_OTG_ISR_Handler) for USBD_OTG_ISR_Handler
    stm32fxxx_it.o(i.OTG_FS_IRQHandler) refers to main.o(.bss) for USB_OTG_dev
    stm32fxxx_it.o(i.OTG_FS_WKUP_IRQHandler) refers to stm32f4xx_rcc.o(i.RCC_HSEConfig) for RCC_HSEConfig
    stm32fxxx_it.o(i.OTG_FS_WKUP_IRQHandler) refers to stm32f4xx_rcc.o(i.RCC_GetFlagStatus) for RCC_GetFlagStatus
    stm32fxxx_it.o(i.OTG_FS_WKUP_IRQHandler) refers to stm32f4xx_rcc.o(i.RCC_PLLCmd) for RCC_PLLCmd
    stm32fxxx_it.o(i.OTG_FS_WKUP_IRQHandler) refers to stm32f4xx_rcc.o(i.RCC_SYSCLKConfig) for RCC_SYSCLKConfig
    stm32fxxx_it.o(i.OTG_FS_WKUP_IRQHandler) refers to stm32f4xx_rcc.o(i.RCC_GetSYSCLKSource) for RCC_GetSYSCLKSource
    stm32fxxx_it.o(i.OTG_FS_WKUP_IRQHandler) refers to system_stm32f4xx.o(i.SystemInit) for SystemInit
    stm32fxxx_it.o(i.OTG_FS_WKUP_IRQHandler) refers to usb_core.o(i.USB_OTG_UngateClock) for USB_OTG_UngateClock
    stm32fxxx_it.o(i.OTG_FS_WKUP_IRQHandler) refers to main.o(.bss) for USB_OTG_dev
    stm32fxxx_it.o(i.OTG_HS_IRQHandler) refers to usb_hcd_int.o(i.USBH_OTG_ISR_Handler) for USBH_OTG_ISR_Handler
    stm32fxxx_it.o(i.OTG_HS_IRQHandler) refers to main.o(.bss) for USB_OTG_Core_dev
    stm32fxxx_it.o(i.SysTick_Handler) refers to iic_sensor.o(i.iic_flag_handler) for iic_flag_handler
    stm32fxxx_it.o(i.SysTick_Handler) refers to stm32fxxx_it.o(.data) for .data
    stm32fxxx_it.o(i.SysTick_Handler) refers to iic_sensor.o(.data) for iic_flag
    stm32fxxx_it.o(i.TIM2_IRQHandler) refers to usb_bsp.o(i.USB_OTG_BSP_TimerIRQ) for USB_OTG_BSP_TimerIRQ
    acosf.o(i.__hardfp_acosf) refers (Special) to iusefp.o(.text) for __I$use$fp
    acosf.o(i.__hardfp_acosf) refers to sqrtf.o(i.sqrtf) for sqrtf
    acosf.o(i.__hardfp_acosf) refers to funder.o(i.__mathlib_flt_infnan) for __mathlib_flt_infnan
    acosf.o(i.__hardfp_acosf) refers to errno.o(i.__set_errno) for __set_errno
    acosf.o(i.__hardfp_acosf) refers to funder.o(i.__mathlib_flt_invalid) for __mathlib_flt_invalid
    acosf.o(i.__softfp_acosf) refers (Special) to iusefp.o(.text) for __I$use$fp
    acosf.o(i.__softfp_acosf) refers to acosf.o(i.__hardfp_acosf) for __hardfp_acosf
    acosf.o(i.acosf) refers (Special) to iusefp.o(.text) for __I$use$fp
    acosf.o(i.acosf) refers to acosf.o(i.__hardfp_acosf) for __hardfp_acosf
    acosf_x.o(i.____hardfp_acosf$lsc) refers (Special) to iusefp.o(.text) for __I$use$fp
    acosf_x.o(i.____hardfp_acosf$lsc) refers to sqrtf.o(i.sqrtf) for sqrtf
    acosf_x.o(i.____hardfp_acosf$lsc) refers to funder.o(i.__mathlib_flt_infnan) for __mathlib_flt_infnan
    acosf_x.o(i.____hardfp_acosf$lsc) refers to errno.o(i.__set_errno) for __set_errno
    acosf_x.o(i.____softfp_acosf$lsc) refers (Special) to iusefp.o(.text) for __I$use$fp
    acosf_x.o(i.____softfp_acosf$lsc) refers to acosf_x.o(i.____hardfp_acosf$lsc) for ____hardfp_acosf$lsc
    acosf_x.o(i.__acosf$lsc) refers (Special) to iusefp.o(.text) for __I$use$fp
    acosf_x.o(i.__acosf$lsc) refers to acosf_x.o(i.____hardfp_acosf$lsc) for ____hardfp_acosf$lsc
    asinf.o(i.__hardfp_asinf) refers (Special) to iusefp.o(.text) for __I$use$fp
    asinf.o(i.__hardfp_asinf) refers to sqrtf.o(i.sqrtf) for sqrtf
    asinf.o(i.__hardfp_asinf) refers to fpclassifyf.o(i.__ARM_fpclassifyf) for __ARM_fpclassifyf
    asinf.o(i.__hardfp_asinf) refers to funder.o(i.__mathlib_flt_underflow) for __mathlib_flt_underflow
    asinf.o(i.__hardfp_asinf) refers to funder.o(i.__mathlib_flt_infnan) for __mathlib_flt_infnan
    asinf.o(i.__hardfp_asinf) refers to errno.o(i.__set_errno) for __set_errno
    asinf.o(i.__hardfp_asinf) refers to funder.o(i.__mathlib_flt_invalid) for __mathlib_flt_invalid
    asinf.o(i.__softfp_asinf) refers (Special) to iusefp.o(.text) for __I$use$fp
    asinf.o(i.__softfp_asinf) refers to asinf.o(i.__hardfp_asinf) for __hardfp_asinf
    asinf.o(i.asinf) refers (Special) to iusefp.o(.text) for __I$use$fp
    asinf.o(i.asinf) refers to asinf.o(i.__hardfp_asinf) for __hardfp_asinf
    asinf_x.o(i.____hardfp_asinf$lsc) refers (Special) to iusefp.o(.text) for __I$use$fp
    asinf_x.o(i.____hardfp_asinf$lsc) refers to sqrtf.o(i.sqrtf) for sqrtf
    asinf_x.o(i.____hardfp_asinf$lsc) refers to funder.o(i.__mathlib_flt_infnan) for __mathlib_flt_infnan
    asinf_x.o(i.____hardfp_asinf$lsc) refers to errno.o(i.__set_errno) for __set_errno
    asinf_x.o(i.____softfp_asinf$lsc) refers (Special) to iusefp.o(.text) for __I$use$fp
    asinf_x.o(i.____softfp_asinf$lsc) refers to asinf_x.o(i.____hardfp_asinf$lsc) for ____hardfp_asinf$lsc
    asinf_x.o(i.__asinf$lsc) refers (Special) to iusefp.o(.text) for __I$use$fp
    asinf_x.o(i.__asinf$lsc) refers to asinf_x.o(i.____hardfp_asinf$lsc) for ____hardfp_asinf$lsc
    atanf.o(i.__hardfp_atanf) refers (Special) to iusefp.o(.text) for __I$use$fp
    atanf.o(i.__hardfp_atanf) refers to fpclassifyf.o(i.__ARM_fpclassifyf) for __ARM_fpclassifyf
    atanf.o(i.__hardfp_atanf) refers to funder.o(i.__mathlib_flt_underflow) for __mathlib_flt_underflow
    atanf.o(i.__hardfp_atanf) refers to funder.o(i.__mathlib_flt_infnan) for __mathlib_flt_infnan
    atanf.o(i.__softfp_atanf) refers (Special) to iusefp.o(.text) for __I$use$fp
    atanf.o(i.__softfp_atanf) refers to atanf.o(i.__hardfp_atanf) for __hardfp_atanf
    atanf.o(i.atanf) refers (Special) to iusefp.o(.text) for __I$use$fp
    atanf.o(i.atanf) refers to atanf.o(i.__hardfp_atanf) for __hardfp_atanf
    atanf_x.o(i.____hardfp_atanf$lsc) refers (Special) to iusefp.o(.text) for __I$use$fp
    atanf_x.o(i.____hardfp_atanf$lsc) refers to funder.o(i.__mathlib_flt_infnan) for __mathlib_flt_infnan
    atanf_x.o(i.____softfp_atanf$lsc) refers (Special) to iusefp.o(.text) for __I$use$fp
    atanf_x.o(i.____softfp_atanf$lsc) refers to atanf_x.o(i.____hardfp_atanf$lsc) for ____hardfp_atanf$lsc
    atanf_x.o(i.__atanf$lsc) refers (Special) to iusefp.o(.text) for __I$use$fp
    atanf_x.o(i.__atanf$lsc) refers to atanf_x.o(i.____hardfp_atanf$lsc) for ____hardfp_atanf$lsc
    ceilf.o(i.__hardfp_ceilf) refers (Special) to iusefp.o(.text) for __I$use$fp
    ceilf.o(i.__softfp_ceilf) refers (Special) to iusefp.o(.text) for __I$use$fp
    ceilf.o(i.ceilf) refers (Special) to iusefp.o(.text) for __I$use$fp
    cosf.o(i.__hardfp_cosf) refers (Special) to iusefp.o(.text) for __I$use$fp
    cosf.o(i.__hardfp_cosf) refers to rredf.o(i.__mathlib_rredf2) for __mathlib_rredf2
    cosf.o(i.__hardfp_cosf) refers to errno.o(i.__set_errno) for __set_errno
    cosf.o(i.__hardfp_cosf) refers to funder.o(i.__mathlib_flt_invalid) for __mathlib_flt_invalid
    cosf.o(i.__hardfp_cosf) refers to funder.o(i.__mathlib_flt_infnan) for __mathlib_flt_infnan
    cosf.o(i.__softfp_cosf) refers (Special) to iusefp.o(.text) for __I$use$fp
    cosf.o(i.__softfp_cosf) refers to cosf.o(i.__hardfp_cosf) for __hardfp_cosf
    cosf.o(i.cosf) refers (Special) to iusefp.o(.text) for __I$use$fp
    cosf.o(i.cosf) refers to cosf.o(i.__hardfp_cosf) for __hardfp_cosf
    cosf_x.o(i.____hardfp_cosf$lsc) refers (Special) to iusefp.o(.text) for __I$use$fp
    cosf_x.o(i.____hardfp_cosf$lsc) refers to rredf.o(i.__mathlib_rredf2) for __mathlib_rredf2
    cosf_x.o(i.____hardfp_cosf$lsc) refers to errno.o(i.__set_errno) for __set_errno
    cosf_x.o(i.____hardfp_cosf$lsc) refers to funder.o(i.__mathlib_flt_infnan) for __mathlib_flt_infnan
    cosf_x.o(i.____softfp_cosf$lsc) refers (Special) to iusefp.o(.text) for __I$use$fp
    cosf_x.o(i.____softfp_cosf$lsc) refers to cosf_x.o(i.____hardfp_cosf$lsc) for ____hardfp_cosf$lsc
    cosf_x.o(i.__cosf$lsc) refers (Special) to iusefp.o(.text) for __I$use$fp
    cosf_x.o(i.__cosf$lsc) refers to cosf_x.o(i.____hardfp_cosf$lsc) for ____hardfp_cosf$lsc
    expf.o(i.__hardfp_expf) refers (Special) to iusefp.o(.text) for __I$use$fp
    expf.o(i.__hardfp_expf) refers to errno.o(i.__set_errno) for __set_errno
    expf.o(i.__hardfp_expf) refers to funder.o(i.__mathlib_flt_underflow) for __mathlib_flt_underflow
    expf.o(i.__hardfp_expf) refers to funder.o(i.__mathlib_flt_infnan) for __mathlib_flt_infnan
    expf.o(i.__hardfp_expf) refers to funder.o(i.__mathlib_flt_overflow) for __mathlib_flt_overflow
    expf.o(i.__hardfp_expf) refers to fpclassifyf.o(i.__ARM_fpclassifyf) for __ARM_fpclassifyf
    expf.o(i.__hardfp_expf) refers to expf.o(.constdata) for .constdata
    expf.o(i.__softfp_expf) refers (Special) to iusefp.o(.text) for __I$use$fp
    expf.o(i.__softfp_expf) refers to expf.o(i.__hardfp_expf) for __hardfp_expf
    expf.o(i.expf) refers (Special) to iusefp.o(.text) for __I$use$fp
    expf.o(i.expf) refers to expf.o(i.__hardfp_expf) for __hardfp_expf
    expf.o(.constdata) refers (Special) to iusefp.o(.text) for __I$use$fp
    expf_x.o(i.____hardfp_expf$lsc) refers (Special) to iusefp.o(.text) for __I$use$fp
    expf_x.o(i.____hardfp_expf$lsc) refers to errno.o(i.__set_errno) for __set_errno
    expf_x.o(i.____hardfp_expf$lsc) refers to funder.o(i.__mathlib_flt_infnan) for __mathlib_flt_infnan
    expf_x.o(i.____hardfp_expf$lsc) refers to fpstat.o(.text) for __ieee_status
    expf_x.o(i.____hardfp_expf$lsc) refers to expf_x.o(.constdata) for .constdata
    expf_x.o(i.____softfp_expf$lsc) refers (Special) to iusefp.o(.text) for __I$use$fp
    expf_x.o(i.____softfp_expf$lsc) refers to expf_x.o(i.____hardfp_expf$lsc) for ____hardfp_expf$lsc
    expf_x.o(i.__expf$lsc) refers (Special) to iusefp.o(.text) for __I$use$fp
    expf_x.o(i.__expf$lsc) refers to expf_x.o(i.____hardfp_expf$lsc) for ____hardfp_expf$lsc
    expf_x.o(.constdata) refers (Special) to iusefp.o(.text) for __I$use$fp
    floorf.o(i.__hardfp_floorf) refers (Special) to iusefp.o(.text) for __I$use$fp
    floorf.o(i.__softfp_floorf) refers (Special) to iusefp.o(.text) for __I$use$fp
    floorf.o(i.floorf) refers (Special) to iusefp.o(.text) for __I$use$fp
    fmod.o(i.__hardfp_fmod) refers (Special) to iusefp.o(.text) for __I$use$fp
    fmod.o(i.__hardfp_fmod) refers to drem.o(.text) for _drem
    fmod.o(i.__hardfp_fmod) refers to dadd.o(.text) for __aeabi_drsub
    fmod.o(i.__hardfp_fmod) refers to errno.o(i.__set_errno) for __set_errno
    fmod.o(i.__hardfp_fmod) refers to dunder.o(i.__mathlib_dbl_invalid) for __mathlib_dbl_invalid
    fmod.o(i.__softfp_fmod) refers (Special) to iusefp.o(.text) for __I$use$fp
    fmod.o(i.__softfp_fmod) refers to fmod.o(i.__hardfp_fmod) for __hardfp_fmod
    fmod.o(i.fmod) refers (Special) to iusefp.o(.text) for __I$use$fp
    fmod.o(i.fmod) refers to fmod.o(i.__hardfp_fmod) for __hardfp_fmod
    fmod_x.o(i.____hardfp_fmod$lsc) refers (Special) to iusefp.o(.text) for __I$use$fp
    fmod_x.o(i.____hardfp_fmod$lsc) refers to drem.o(.text) for _drem
    fmod_x.o(i.____hardfp_fmod$lsc) refers to dadd.o(.text) for __aeabi_drsub
    fmod_x.o(i.____hardfp_fmod$lsc) refers to errno.o(i.__set_errno) for __set_errno
    fmod_x.o(i.____softfp_fmod$lsc) refers (Special) to iusefp.o(.text) for __I$use$fp
    fmod_x.o(i.____softfp_fmod$lsc) refers to drem.o(.text) for _drem
    fmod_x.o(i.____softfp_fmod$lsc) refers to dadd.o(.text) for __aeabi_drsub
    fmod_x.o(i.____softfp_fmod$lsc) refers to errno.o(i.__set_errno) for __set_errno
    fmod_x.o(i.__fmod$lsc) refers (Special) to iusefp.o(.text) for __I$use$fp
    fmod_x.o(i.__fmod$lsc) refers to drem.o(.text) for _drem
    fmod_x.o(i.__fmod$lsc) refers to dadd.o(.text) for __aeabi_drsub
    fmod_x.o(i.__fmod$lsc) refers to errno.o(i.__set_errno) for __set_errno
    log.o(i.__hardfp_log) refers (Special) to iusefp.o(.text) for __I$use$fp
    log.o(i.__hardfp_log) refers to dunder.o(i.__mathlib_dbl_infnan) for __mathlib_dbl_infnan
    log.o(i.__hardfp_log) refers to errno.o(i.__set_errno) for __set_errno
    log.o(i.__hardfp_log) refers to dunder.o(i.__mathlib_dbl_invalid) for __mathlib_dbl_invalid
    log.o(i.__hardfp_log) refers to dunder.o(i.__mathlib_dbl_divzero) for __mathlib_dbl_divzero
    log.o(i.__hardfp_log) refers to dmul.o(.text) for __aeabi_dmul
    log.o(i.__hardfp_log) refers to dadd.o(.text) for __aeabi_dsub
    log.o(i.__hardfp_log) refers to cdcmple.o(.text) for __aeabi_cdcmpeq
    log.o(i.__hardfp_log) refers to dflti.o(.text) for __aeabi_i2d
    log.o(i.__hardfp_log) refers to ddiv.o(.text) for __aeabi_ddiv
    log.o(i.__hardfp_log) refers to poly.o(i.__kernel_poly) for __kernel_poly
    log.o(i.__hardfp_log) refers to qnan.o(.constdata) for __mathlib_zero
    log.o(i.__hardfp_log) refers to log.o(.constdata) for .constdata
    log.o(i.__softfp_log) refers (Special) to iusefp.o(.text) for __I$use$fp
    log.o(i.__softfp_log) refers to log.o(i.__hardfp_log) for __hardfp_log
    log.o(i.log) refers (Special) to iusefp.o(.text) for __I$use$fp
    log.o(i.log) refers to log.o(i.__hardfp_log) for __hardfp_log
    log.o(.constdata) refers (Special) to iusefp.o(.text) for __I$use$fp
    log_x.o(i.____hardfp_log$lsc) refers (Special) to iusefp.o(.text) for __I$use$fp
    log_x.o(i.____hardfp_log$lsc) refers to dunder.o(i.__mathlib_dbl_infnan) for __mathlib_dbl_infnan
    log_x.o(i.____hardfp_log$lsc) refers to errno.o(i.__set_errno) for __set_errno
    log_x.o(i.____hardfp_log$lsc) refers to dmul.o(.text) for __aeabi_dmul
    log_x.o(i.____hardfp_log$lsc) refers to dadd.o(.text) for __aeabi_dsub
    log_x.o(i.____hardfp_log$lsc) refers to cdcmple.o(.text) for __aeabi_cdcmpeq
    log_x.o(i.____hardfp_log$lsc) refers to dflti.o(.text) for __aeabi_i2d
    log_x.o(i.____hardfp_log$lsc) refers to ddiv.o(.text) for __aeabi_ddiv
    log_x.o(i.____hardfp_log$lsc) refers to poly.o(i.__kernel_poly) for __kernel_poly
    log_x.o(i.____hardfp_log$lsc) refers to qnan.o(.constdata) for __mathlib_zero
    log_x.o(i.____hardfp_log$lsc) refers to log_x.o(.constdata) for .constdata
    log_x.o(i.____softfp_log$lsc) refers (Special) to iusefp.o(.text) for __I$use$fp
    log_x.o(i.____softfp_log$lsc) refers to log_x.o(i.____hardfp_log$lsc) for ____hardfp_log$lsc
    log_x.o(i.__log$lsc) refers (Special) to iusefp.o(.text) for __I$use$fp
    log_x.o(i.__log$lsc) refers to log_x.o(i.____hardfp_log$lsc) for ____hardfp_log$lsc
    log_x.o(.constdata) refers (Special) to iusefp.o(.text) for __I$use$fp
    log10.o(i.__hardfp_log10) refers (Special) to iusefp.o(.text) for __I$use$fp
    log10.o(i.__hardfp_log10) refers to dunder.o(i.__mathlib_dbl_infnan) for __mathlib_dbl_infnan
    log10.o(i.__hardfp_log10) refers to errno.o(i.__set_errno) for __set_errno
    log10.o(i.__hardfp_log10) refers to dunder.o(i.__mathlib_dbl_invalid) for __mathlib_dbl_invalid
    log10.o(i.__hardfp_log10) refers to dunder.o(i.__mathlib_dbl_divzero) for __mathlib_dbl_divzero
    log10.o(i.__hardfp_log10) refers to dmul.o(.text) for __aeabi_dmul
    log10.o(i.__hardfp_log10) refers to dflti.o(.text) for __aeabi_i2d
    log10.o(i.__hardfp_log10) refers to log.o(i.log) for log
    log10.o(i.__hardfp_log10) refers to dadd.o(.text) for __aeabi_dadd
    log10.o(i.__softfp_log10) refers (Special) to iusefp.o(.text) for __I$use$fp
    log10.o(i.__softfp_log10) refers to log10.o(i.__hardfp_log10) for __hardfp_log10
    log10.o(i.log10) refers (Special) to iusefp.o(.text) for __I$use$fp
    log10.o(i.log10) refers to log10.o(i.__hardfp_log10) for __hardfp_log10
    log10_x.o(i.____hardfp_log10$lsc) refers (Special) to iusefp.o(.text) for __I$use$fp
    log10_x.o(i.____hardfp_log10$lsc) refers to dunder.o(i.__mathlib_dbl_infnan) for __mathlib_dbl_infnan
    log10_x.o(i.____hardfp_log10$lsc) refers to errno.o(i.__set_errno) for __set_errno
    log10_x.o(i.____hardfp_log10$lsc) refers to dmul.o(.text) for __aeabi_dmul
    log10_x.o(i.____hardfp_log10$lsc) refers to dflti.o(.text) for __aeabi_i2d
    log10_x.o(i.____hardfp_log10$lsc) refers to log.o(i.log) for log
    log10_x.o(i.____hardfp_log10$lsc) refers to dadd.o(.text) for __aeabi_dadd
    log10_x.o(i.____softfp_log10$lsc) refers (Special) to iusefp.o(.text) for __I$use$fp
    log10_x.o(i.____softfp_log10$lsc) refers to log10_x.o(i.____hardfp_log10$lsc) for ____hardfp_log10$lsc
    log10_x.o(i.__log10$lsc) refers (Special) to iusefp.o(.text) for __I$use$fp
    log10_x.o(i.__log10$lsc) refers to log10_x.o(i.____hardfp_log10$lsc) for ____hardfp_log10$lsc
    powf.o(i.__hardfp_powf) refers (Special) to iusefp.o(.text) for __I$use$fp
    powf.o(i.__hardfp_powf) refers to fpstat.o(.text) for __ieee_status
    powf.o(i.__hardfp_powf) refers to errno.o(i.__set_errno) for __set_errno
    powf.o(i.__hardfp_powf) refers to funder.o(i.__mathlib_flt_overflow) for __mathlib_flt_overflow
    powf.o(i.__hardfp_powf) refers to fpclassifyf.o(i.__ARM_fpclassifyf) for __ARM_fpclassifyf
    powf.o(i.__hardfp_powf) refers to funder.o(i.__mathlib_flt_underflow) for __mathlib_flt_underflow
    powf.o(i.__hardfp_powf) refers to funder.o(i.__mathlib_flt_invalid) for __mathlib_flt_invalid
    powf.o(i.__hardfp_powf) refers to powf.o(.constdata) for .constdata
    powf.o(i.__hardfp_powf) refers to funder.o(i.__mathlib_flt_infnan2) for __mathlib_flt_infnan2
    powf.o(i.__hardfp_powf) refers to funder.o(i.__mathlib_flt_divzero) for __mathlib_flt_divzero
    powf.o(i.__softfp_powf) refers (Special) to iusefp.o(.text) for __I$use$fp
    powf.o(i.__softfp_powf) refers to powf.o(i.__hardfp_powf) for __hardfp_powf
    powf.o(i.powf) refers (Special) to iusefp.o(.text) for __I$use$fp
    powf.o(i.powf) refers to powf.o(i.__hardfp_powf) for __hardfp_powf
    powf.o(.constdata) refers (Special) to iusefp.o(.text) for __I$use$fp
    powf_x.o(i.____hardfp_powf$lsc) refers (Special) to iusefp.o(.text) for __I$use$fp
    powf_x.o(i.____hardfp_powf$lsc) refers to fpstat.o(.text) for __ieee_status
    powf_x.o(i.____hardfp_powf$lsc) refers to errno.o(i.__set_errno) for __set_errno
    powf_x.o(i.____hardfp_powf$lsc) refers to powf_x.o(.constdata) for .constdata
    powf_x.o(i.____hardfp_powf$lsc) refers to funder.o(i.__mathlib_flt_infnan2) for __mathlib_flt_infnan2
    powf_x.o(i.____softfp_powf$lsc) refers (Special) to iusefp.o(.text) for __I$use$fp
    powf_x.o(i.____softfp_powf$lsc) refers to powf_x.o(i.____hardfp_powf$lsc) for ____hardfp_powf$lsc
    powf_x.o(i.__powf$lsc) refers (Special) to iusefp.o(.text) for __I$use$fp
    powf_x.o(i.__powf$lsc) refers to powf_x.o(i.____hardfp_powf$lsc) for ____hardfp_powf$lsc
    powf_x.o(.constdata) refers (Special) to iusefp.o(.text) for __I$use$fp
    sinf.o(i.__hardfp_sinf) refers (Special) to iusefp.o(.text) for __I$use$fp
    sinf.o(i.__hardfp_sinf) refers to rredf.o(i.__mathlib_rredf2) for __mathlib_rredf2
    sinf.o(i.__hardfp_sinf) refers to fpclassifyf.o(i.__ARM_fpclassifyf) for __ARM_fpclassifyf
    sinf.o(i.__hardfp_sinf) refers to funder.o(i.__mathlib_flt_underflow) for __mathlib_flt_underflow
    sinf.o(i.__hardfp_sinf) refers to errno.o(i.__set_errno) for __set_errno
    sinf.o(i.__hardfp_sinf) refers to funder.o(i.__mathlib_flt_invalid) for __mathlib_flt_invalid
    sinf.o(i.__hardfp_sinf) refers to funder.o(i.__mathlib_flt_infnan) for __mathlib_flt_infnan
    sinf.o(i.__softfp_sinf) refers (Special) to iusefp.o(.text) for __I$use$fp
    sinf.o(i.__softfp_sinf) refers to sinf.o(i.__hardfp_sinf) for __hardfp_sinf
    sinf.o(i.sinf) refers (Special) to iusefp.o(.text) for __I$use$fp
    sinf.o(i.sinf) refers to sinf.o(i.__hardfp_sinf) for __hardfp_sinf
    sinf_x.o(i.____hardfp_sinf$lsc) refers (Special) to iusefp.o(.text) for __I$use$fp
    sinf_x.o(i.____hardfp_sinf$lsc) refers to rredf.o(i.__mathlib_rredf2) for __mathlib_rredf2
    sinf_x.o(i.____hardfp_sinf$lsc) refers to errno.o(i.__set_errno) for __set_errno
    sinf_x.o(i.____hardfp_sinf$lsc) refers to funder.o(i.__mathlib_flt_infnan) for __mathlib_flt_infnan
    sinf_x.o(i.____softfp_sinf$lsc) refers (Special) to iusefp.o(.text) for __I$use$fp
    sinf_x.o(i.____softfp_sinf$lsc) refers to sinf_x.o(i.____hardfp_sinf$lsc) for ____hardfp_sinf$lsc
    sinf_x.o(i.__sinf$lsc) refers (Special) to iusefp.o(.text) for __I$use$fp
    sinf_x.o(i.__sinf$lsc) refers to sinf_x.o(i.____hardfp_sinf$lsc) for ____hardfp_sinf$lsc
    sqrtf.o(i.__hardfp_sqrtf) refers (Special) to iusefp.o(.text) for __I$use$fp
    sqrtf.o(i.__hardfp_sqrtf) refers to errno.o(i.__set_errno) for __set_errno
    sqrtf.o(i.__softfp_sqrtf) refers (Special) to iusefp.o(.text) for __I$use$fp
    sqrtf.o(i.__softfp_sqrtf) refers to errno.o(i.__set_errno) for __set_errno
    sqrtf.o(i.sqrtf) refers (Special) to iusefp.o(.text) for __I$use$fp
    sqrtf.o(i.sqrtf) refers to errno.o(i.__set_errno) for __set_errno
    sqrtf_x.o(i.____hardfp_sqrtf$lsc) refers (Special) to iusefp.o(.text) for __I$use$fp
    sqrtf_x.o(i.____hardfp_sqrtf$lsc) refers to errno.o(i.__set_errno) for __set_errno
    sqrtf_x.o(i.____softfp_sqrtf$lsc) refers (Special) to iusefp.o(.text) for __I$use$fp
    sqrtf_x.o(i.____softfp_sqrtf$lsc) refers to errno.o(i.__set_errno) for __set_errno
    sqrtf_x.o(i.__sqrtf$lsc) refers (Special) to iusefp.o(.text) for __I$use$fp
    sqrtf_x.o(i.__sqrtf$lsc) refers to errno.o(i.__set_errno) for __set_errno
    tanf.o(i.__hardfp_tanf) refers (Special) to iusefp.o(.text) for __I$use$fp
    tanf.o(i.__hardfp_tanf) refers to rredf.o(i.__mathlib_rredf2) for __mathlib_rredf2
    tanf.o(i.__hardfp_tanf) refers to fpclassifyf.o(i.__ARM_fpclassifyf) for __ARM_fpclassifyf
    tanf.o(i.__hardfp_tanf) refers to funder.o(i.__mathlib_flt_underflow) for __mathlib_flt_underflow
    tanf.o(i.__hardfp_tanf) refers to errno.o(i.__set_errno) for __set_errno
    tanf.o(i.__hardfp_tanf) refers to funder.o(i.__mathlib_flt_invalid) for __mathlib_flt_invalid
    tanf.o(i.__hardfp_tanf) refers to funder.o(i.__mathlib_flt_infnan) for __mathlib_flt_infnan
    tanf.o(i.__softfp_tanf) refers (Special) to iusefp.o(.text) for __I$use$fp
    tanf.o(i.__softfp_tanf) refers to tanf.o(i.__hardfp_tanf) for __hardfp_tanf
    tanf.o(i.tanf) refers (Special) to iusefp.o(.text) for __I$use$fp
    tanf.o(i.tanf) refers to tanf.o(i.__hardfp_tanf) for __hardfp_tanf
    tanf_x.o(i.____hardfp_tanf$lsc) refers (Special) to iusefp.o(.text) for __I$use$fp
    tanf_x.o(i.____hardfp_tanf$lsc) refers to rredf.o(i.__mathlib_rredf2) for __mathlib_rredf2
    tanf_x.o(i.____hardfp_tanf$lsc) refers to errno.o(i.__set_errno) for __set_errno
    tanf_x.o(i.____hardfp_tanf$lsc) refers to funder.o(i.__mathlib_flt_infnan) for __mathlib_flt_infnan
    tanf_x.o(i.____softfp_tanf$lsc) refers (Special) to iusefp.o(.text) for __I$use$fp
    tanf_x.o(i.____softfp_tanf$lsc) refers to tanf_x.o(i.____hardfp_tanf$lsc) for ____hardfp_tanf$lsc
    tanf_x.o(i.__tanf$lsc) refers (Special) to iusefp.o(.text) for __I$use$fp
    tanf_x.o(i.__tanf$lsc) refers to tanf_x.o(i.____hardfp_tanf$lsc) for ____hardfp_tanf$lsc
    roundf.o(i.__hardfp_roundf) refers (Special) to iusefp.o(.text) for __I$use$fp
    roundf.o(i.__hardfp_roundf) refers to frnd.o(.text) for _frnd
    roundf.o(i.roundf) refers (Special) to iusefp.o(.text) for __I$use$fp
    roundf.o(i.roundf) refers to roundf.o(i.__hardfp_roundf) for __hardfp_roundf
    entry.o(.ARM.Collect$$$$00000000) refers (Special) to entry10a.o(.ARM.Collect$$$$0000000D) for __rt_final_cpp
    entry.o(.ARM.Collect$$$$00000000) refers (Special) to entry11a.o(.ARM.Collect$$$$0000000F) for __rt_final_exit
    entry.o(.ARM.Collect$$$$00000000) refers (Special) to entry7b.o(.ARM.Collect$$$$00000008) for _main_clock
    entry.o(.ARM.Collect$$$$00000000) refers (Special) to entry8b.o(.ARM.Collect$$$$0000000A) for _main_cpp_init
    entry.o(.ARM.Collect$$$$00000000) refers (Special) to entry9a.o(.ARM.Collect$$$$0000000B) for _main_init
    entry.o(.ARM.Collect$$$$00000000) refers (Special) to entry5.o(.ARM.Collect$$$$00000004) for _main_scatterload
    entry.o(.ARM.Collect$$$$00000000) refers (Special) to entry2.o(.ARM.Collect$$$$00000001) for _main_stk
    printfb.o(i.__0fprintf$bare) refers to printfb.o(i._printf_core) for _printf_core
    printfb.o(i.__0fprintf$bare) refers to usart6.o(i.fputc) for fputc
    printfb.o(i.__0printf$bare) refers to printfb.o(i._printf_core) for _printf_core
    printfb.o(i.__0printf$bare) refers to usart6.o(i.fputc) for fputc
    printfb.o(i.__0printf$bare) refers to usart6.o(.data) for __stdout
    printfb.o(i.__0snprintf$bare) refers to printfb.o(i._printf_core) for _printf_core
    printfb.o(i.__0snprintf$bare) refers to printfb.o(i._snputc) for _snputc
    printfb.o(i.__0sprintf$bare) refers to printfb.o(i._printf_core) for _printf_core
    printfb.o(i.__0sprintf$bare) refers to printfb.o(i._sputc) for _sputc
    printfb.o(i.__0vfprintf$bare) refers to printfb.o(i._printf_core) for _printf_core
    printfb.o(i.__0vfprintf$bare) refers to usart6.o(i.fputc) for fputc
    printfb.o(i.__0vprintf$bare) refers to printfb.o(i._printf_core) for _printf_core
    printfb.o(i.__0vprintf$bare) refers to usart6.o(i.fputc) for fputc
    printfb.o(i.__0vprintf$bare) refers to usart6.o(.data) for __stdout
    printfb.o(i.__0vsnprintf$bare) refers to printfb.o(i._printf_core) for _printf_core
    printfb.o(i.__0vsnprintf$bare) refers to printfb.o(i._snputc) for _snputc
    printfb.o(i.__0vsprintf$bare) refers to printfb.o(i._printf_core) for _printf_core
    printfb.o(i.__0vsprintf$bare) refers to printfb.o(i._sputc) for _sputc
    printf0.o(i.__0fprintf$0) refers to printf0.o(i._printf_core) for _printf_core
    printf0.o(i.__0fprintf$0) refers to usart6.o(i.fputc) for fputc
    printf0.o(i.__0printf$0) refers to printf0.o(i._printf_core) for _printf_core
    printf0.o(i.__0printf$0) refers to usart6.o(i.fputc) for fputc
    printf0.o(i.__0printf$0) refers to usart6.o(.data) for __stdout
    printf0.o(i.__0snprintf$0) refers to printf0.o(i._printf_core) for _printf_core
    printf0.o(i.__0snprintf$0) refers to printf0.o(i._snputc) for _snputc
    printf0.o(i.__0sprintf$0) refers to printf0.o(i._printf_core) for _printf_core
    printf0.o(i.__0sprintf$0) refers to printf0.o(i._sputc) for _sputc
    printf0.o(i.__0vfprintf$0) refers to printf0.o(i._printf_core) for _printf_core
    printf0.o(i.__0vfprintf$0) refers to usart6.o(i.fputc) for fputc
    printf0.o(i.__0vprintf$0) refers to printf0.o(i._printf_core) for _printf_core
    printf0.o(i.__0vprintf$0) refers to usart6.o(i.fputc) for fputc
    printf0.o(i.__0vprintf$0) refers to usart6.o(.data) for __stdout
    printf0.o(i.__0vsnprintf$0) refers to printf0.o(i._printf_core) for _printf_core
    printf0.o(i.__0vsnprintf$0) refers to printf0.o(i._snputc) for _snputc
    printf0.o(i.__0vsprintf$0) refers to printf0.o(i._printf_core) for _printf_core
    printf0.o(i.__0vsprintf$0) refers to printf0.o(i._sputc) for _sputc
    printf1.o(i.__0fprintf$1) refers to printf1.o(i._printf_core) for _printf_core
    printf1.o(i.__0fprintf$1) refers to usart6.o(i.fputc) for fputc
    printf1.o(i.__0printf$1) refers to printf1.o(i._printf_core) for _printf_core
    printf1.o(i.__0printf$1) refers to usart6.o(i.fputc) for fputc
    printf1.o(i.__0printf$1) refers to usart6.o(.data) for __stdout
    printf1.o(i.__0snprintf$1) refers to printf1.o(i._printf_core) for _printf_core
    printf1.o(i.__0snprintf$1) refers to printf1.o(i._snputc) for _snputc
    printf1.o(i.__0sprintf$1) refers to printf1.o(i._printf_core) for _printf_core
    printf1.o(i.__0sprintf$1) refers to printf1.o(i._sputc) for _sputc
    printf1.o(i.__0vfprintf$1) refers to printf1.o(i._printf_core) for _printf_core
    printf1.o(i.__0vfprintf$1) refers to usart6.o(i.fputc) for fputc
    printf1.o(i.__0vprintf$1) refers to printf1.o(i._printf_core) for _printf_core
    printf1.o(i.__0vprintf$1) refers to usart6.o(i.fputc) for fputc
    printf1.o(i.__0vprintf$1) refers to usart6.o(.data) for __stdout
    printf1.o(i.__0vsnprintf$1) refers to printf1.o(i._printf_core) for _printf_core
    printf1.o(i.__0vsnprintf$1) refers to printf1.o(i._snputc) for _snputc
    printf1.o(i.__0vsprintf$1) refers to printf1.o(i._printf_core) for _printf_core
    printf1.o(i.__0vsprintf$1) refers to printf1.o(i._sputc) for _sputc
    printf1.o(i._printf_core) refers to uidiv.o(.text) for __aeabi_uidivmod
    printf2.o(i.__0fprintf$2) refers to printf2.o(i._printf_core) for _printf_core
    printf2.o(i.__0fprintf$2) refers to usart6.o(i.fputc) for fputc
    printf2.o(i.__0printf$2) refers to printf2.o(i._printf_core) for _printf_core
    printf2.o(i.__0printf$2) refers to usart6.o(i.fputc) for fputc
    printf2.o(i.__0printf$2) refers to usart6.o(.data) for __stdout
    printf2.o(i.__0snprintf$2) refers to printf2.o(i._printf_core) for _printf_core
    printf2.o(i.__0snprintf$2) refers to printf2.o(i._snputc) for _snputc
    printf2.o(i.__0sprintf$2) refers to printf2.o(i._printf_core) for _printf_core
    printf2.o(i.__0sprintf$2) refers to printf2.o(i._sputc) for _sputc
    printf2.o(i.__0vfprintf$2) refers to printf2.o(i._printf_core) for _printf_core
    printf2.o(i.__0vfprintf$2) refers to usart6.o(i.fputc) for fputc
    printf2.o(i.__0vprintf$2) refers to printf2.o(i._printf_core) for _printf_core
    printf2.o(i.__0vprintf$2) refers to usart6.o(i.fputc) for fputc
    printf2.o(i.__0vprintf$2) refers to usart6.o(.data) for __stdout
    printf2.o(i.__0vsnprintf$2) refers to printf2.o(i._printf_core) for _printf_core
    printf2.o(i.__0vsnprintf$2) refers to printf2.o(i._snputc) for _snputc
    printf2.o(i.__0vsprintf$2) refers to printf2.o(i._printf_core) for _printf_core
    printf2.o(i.__0vsprintf$2) refers to printf2.o(i._sputc) for _sputc
    printf3.o(i.__0fprintf$3) refers to printf3.o(i._printf_core) for _printf_core
    printf3.o(i.__0fprintf$3) refers to usart6.o(i.fputc) for fputc
    printf3.o(i.__0printf$3) refers to printf3.o(i._printf_core) for _printf_core
    printf3.o(i.__0printf$3) refers to usart6.o(i.fputc) for fputc
    printf3.o(i.__0printf$3) refers to usart6.o(.data) for __stdout
    printf3.o(i.__0snprintf$3) refers to printf3.o(i._printf_core) for _printf_core
    printf3.o(i.__0snprintf$3) refers to printf3.o(i._snputc) for _snputc
    printf3.o(i.__0sprintf$3) refers to printf3.o(i._printf_core) for _printf_core
    printf3.o(i.__0sprintf$3) refers to printf3.o(i._sputc) for _sputc
    printf3.o(i.__0vfprintf$3) refers to printf3.o(i._printf_core) for _printf_core
    printf3.o(i.__0vfprintf$3) refers to usart6.o(i.fputc) for fputc
    printf3.o(i.__0vprintf$3) refers to printf3.o(i._printf_core) for _printf_core
    printf3.o(i.__0vprintf$3) refers to usart6.o(i.fputc) for fputc
    printf3.o(i.__0vprintf$3) refers to usart6.o(.data) for __stdout
    printf3.o(i.__0vsnprintf$3) refers to printf3.o(i._printf_core) for _printf_core
    printf3.o(i.__0vsnprintf$3) refers to printf3.o(i._snputc) for _snputc
    printf3.o(i.__0vsprintf$3) refers to printf3.o(i._printf_core) for _printf_core
    printf3.o(i.__0vsprintf$3) refers to printf3.o(i._sputc) for _sputc
    printf3.o(i._printf_core) refers to uidiv.o(.text) for __aeabi_uidivmod
    printf4.o(i.__0fprintf$4) refers to printf4.o(i._printf_core) for _printf_core
    printf4.o(i.__0fprintf$4) refers to usart6.o(i.fputc) for fputc
    printf4.o(i.__0printf$4) refers to printf4.o(i._printf_core) for _printf_core
    printf4.o(i.__0printf$4) refers to usart6.o(i.fputc) for fputc
    printf4.o(i.__0printf$4) refers to usart6.o(.data) for __stdout
    printf4.o(i.__0snprintf$4) refers to printf4.o(i._printf_core) for _printf_core
    printf4.o(i.__0snprintf$4) refers to printf4.o(i._snputc) for _snputc
    printf4.o(i.__0sprintf$4) refers to printf4.o(i._printf_core) for _printf_core
    printf4.o(i.__0sprintf$4) refers to printf4.o(i._sputc) for _sputc
    printf4.o(i.__0vfprintf$4) refers to printf4.o(i._printf_core) for _printf_core
    printf4.o(i.__0vfprintf$4) refers to usart6.o(i.fputc) for fputc
    printf4.o(i.__0vprintf$4) refers to printf4.o(i._printf_core) for _printf_core
    printf4.o(i.__0vprintf$4) refers to usart6.o(i.fputc) for fputc
    printf4.o(i.__0vprintf$4) refers to usart6.o(.data) for __stdout
    printf4.o(i.__0vsnprintf$4) refers to printf4.o(i._printf_core) for _printf_core
    printf4.o(i.__0vsnprintf$4) refers to printf4.o(i._snputc) for _snputc
    printf4.o(i.__0vsprintf$4) refers to printf4.o(i._printf_core) for _printf_core
    printf4.o(i.__0vsprintf$4) refers to printf4.o(i._sputc) for _sputc
    printf4.o(i._printf_core) refers to uldiv.o(.text) for __aeabi_uldivmod
    printf5.o(i.__0fprintf$5) refers to printf5.o(i._printf_core) for _printf_core
    printf5.o(i.__0fprintf$5) refers to usart6.o(i.fputc) for fputc
    printf5.o(i.__0printf$5) refers to printf5.o(i._printf_core) for _printf_core
    printf5.o(i.__0printf$5) refers to usart6.o(i.fputc) for fputc
    printf5.o(i.__0printf$5) refers to usart6.o(.data) for __stdout
    printf5.o(i.__0snprintf$5) refers to printf5.o(i._printf_core) for _printf_core
    printf5.o(i.__0snprintf$5) refers to printf5.o(i._snputc) for _snputc
    printf5.o(i.__0sprintf$5) refers to printf5.o(i._printf_core) for _printf_core
    printf5.o(i.__0sprintf$5) refers to printf5.o(i._sputc) for _sputc
    printf5.o(i.__0vfprintf$5) refers to printf5.o(i._printf_core) for _printf_core
    printf5.o(i.__0vfprintf$5) refers to usart6.o(i.fputc) for fputc
    printf5.o(i.__0vprintf$5) refers to printf5.o(i._printf_core) for _printf_core
    printf5.o(i.__0vprintf$5) refers to usart6.o(i.fputc) for fputc
    printf5.o(i.__0vprintf$5) refers to usart6.o(.data) for __stdout
    printf5.o(i.__0vsnprintf$5) refers to printf5.o(i._printf_core) for _printf_core
    printf5.o(i.__0vsnprintf$5) refers to printf5.o(i._snputc) for _snputc
    printf5.o(i.__0vsprintf$5) refers to printf5.o(i._printf_core) for _printf_core
    printf5.o(i.__0vsprintf$5) refers to printf5.o(i._sputc) for _sputc
    printf5.o(i._printf_core) refers to uldiv.o(.text) for __aeabi_uldivmod
    printf6.o(i.__0fprintf$6) refers to printf6.o(i._printf_core) for _printf_core
    printf6.o(i.__0fprintf$6) refers to usart6.o(i.fputc) for fputc
    printf6.o(i.__0printf$6) refers to printf6.o(i._printf_core) for _printf_core
    printf6.o(i.__0printf$6) refers to usart6.o(i.fputc) for fputc
    printf6.o(i.__0printf$6) refers to usart6.o(.data) for __stdout
    printf6.o(i.__0snprintf$6) refers to printf6.o(i._printf_core) for _printf_core
    printf6.o(i.__0snprintf$6) refers to printf6.o(i._snputc) for _snputc
    printf6.o(i.__0sprintf$6) refers to printf6.o(i._printf_core) for _printf_core
    printf6.o(i.__0sprintf$6) refers to printf6.o(i._sputc) for _sputc
    printf6.o(i.__0vfprintf$6) refers to printf6.o(i._printf_core) for _printf_core
    printf6.o(i.__0vfprintf$6) refers to usart6.o(i.fputc) for fputc
    printf6.o(i.__0vprintf$6) refers to printf6.o(i._printf_core) for _printf_core
    printf6.o(i.__0vprintf$6) refers to usart6.o(i.fputc) for fputc
    printf6.o(i.__0vprintf$6) refers to usart6.o(.data) for __stdout
    printf6.o(i.__0vsnprintf$6) refers to printf6.o(i._printf_core) for _printf_core
    printf6.o(i.__0vsnprintf$6) refers to printf6.o(i._snputc) for _snputc
    printf6.o(i.__0vsprintf$6) refers to printf6.o(i._printf_core) for _printf_core
    printf6.o(i.__0vsprintf$6) refers to printf6.o(i._sputc) for _sputc
    printf6.o(i._printf_core) refers to printf6.o(i._printf_pre_padding) for _printf_pre_padding
    printf6.o(i._printf_core) refers to uidiv.o(.text) for __aeabi_uidivmod
    printf6.o(i._printf_core) refers to printf6.o(i._printf_post_padding) for _printf_post_padding
    printf7.o(i.__0fprintf$7) refers to printf7.o(i._printf_core) for _printf_core
    printf7.o(i.__0fprintf$7) refers to usart6.o(i.fputc) for fputc
    printf7.o(i.__0printf$7) refers to printf7.o(i._printf_core) for _printf_core
    printf7.o(i.__0printf$7) refers to usart6.o(i.fputc) for fputc
    printf7.o(i.__0printf$7) refers to usart6.o(.data) for __stdout
    printf7.o(i.__0snprintf$7) refers to printf7.o(i._printf_core) for _printf_core
    printf7.o(i.__0snprintf$7) refers to printf7.o(i._snputc) for _snputc
    printf7.o(i.__0sprintf$7) refers to printf7.o(i._printf_core) for _printf_core
    printf7.o(i.__0sprintf$7) refers to printf7.o(i._sputc) for _sputc
    printf7.o(i.__0vfprintf$7) refers to printf7.o(i._printf_core) for _printf_core
    printf7.o(i.__0vfprintf$7) refers to usart6.o(i.fputc) for fputc
    printf7.o(i.__0vprintf$7) refers to printf7.o(i._printf_core) for _printf_core
    printf7.o(i.__0vprintf$7) refers to usart6.o(i.fputc) for fputc
    printf7.o(i.__0vprintf$7) refers to usart6.o(.data) for __stdout
    printf7.o(i.__0vsnprintf$7) refers to printf7.o(i._printf_core) for _printf_core
    printf7.o(i.__0vsnprintf$7) refers to printf7.o(i._snputc) for _snputc
    printf7.o(i.__0vsprintf$7) refers to printf7.o(i._printf_core) for _printf_core
    printf7.o(i.__0vsprintf$7) refers to printf7.o(i._sputc) for _sputc
    printf7.o(i._printf_core) refers to printf7.o(i._printf_pre_padding) for _printf_pre_padding
    printf7.o(i._printf_core) refers to uldiv.o(.text) for __aeabi_uldivmod
    printf7.o(i._printf_core) refers to printf7.o(i._printf_post_padding) for _printf_post_padding
    printf8.o(i.__0fprintf$8) refers to printf8.o(i._printf_core) for _printf_core
    printf8.o(i.__0fprintf$8) refers to usart6.o(i.fputc) for fputc
    printf8.o(i.__0printf$8) refers to printf8.o(i._printf_core) for _printf_core
    printf8.o(i.__0printf$8) refers to usart6.o(i.fputc) for fputc
    printf8.o(i.__0printf$8) refers to usart6.o(.data) for __stdout
    printf8.o(i.__0snprintf$8) refers to printf8.o(i._printf_core) for _printf_core
    printf8.o(i.__0snprintf$8) refers to printf8.o(i._snputc) for _snputc
    printf8.o(i.__0sprintf$8) refers to printf8.o(i._printf_core) for _printf_core
    printf8.o(i.__0sprintf$8) refers to printf8.o(i._sputc) for _sputc
    printf8.o(i.__0vfprintf$8) refers to printf8.o(i._printf_core) for _printf_core
    printf8.o(i.__0vfprintf$8) refers to usart6.o(i.fputc) for fputc
    printf8.o(i.__0vprintf$8) refers to printf8.o(i._printf_core) for _printf_core
    printf8.o(i.__0vprintf$8) refers to usart6.o(i.fputc) for fputc
    printf8.o(i.__0vprintf$8) refers to usart6.o(.data) for __stdout
    printf8.o(i.__0vsnprintf$8) refers to printf8.o(i._printf_core) for _printf_core
    printf8.o(i.__0vsnprintf$8) refers to printf8.o(i._snputc) for _snputc
    printf8.o(i.__0vsprintf$8) refers to printf8.o(i._printf_core) for _printf_core
    printf8.o(i.__0vsprintf$8) refers to printf8.o(i._sputc) for _sputc
    printf8.o(i._printf_core) refers to printf8.o(i._printf_pre_padding) for _printf_pre_padding
    printf8.o(i._printf_core) refers to uldiv.o(.text) for __aeabi_uldivmod
    printf8.o(i._printf_core) refers to printf8.o(i._printf_post_padding) for _printf_post_padding
    printfa.o(i.__0fprintf) refers (Special) to iusefp.o(.text) for __I$use$fp
    printfa.o(i.__0fprintf) refers to printfa.o(i._printf_core) for _printf_core
    printfa.o(i.__0fprintf) refers to usart6.o(i.fputc) for fputc
    printfa.o(i.__0printf) refers (Special) to iusefp.o(.text) for __I$use$fp
    printfa.o(i.__0printf) refers to printfa.o(i._printf_core) for _printf_core
    printfa.o(i.__0printf) refers to usart6.o(i.fputc) for fputc
    printfa.o(i.__0printf) refers to usart6.o(.data) for __stdout
    printfa.o(i.__0snprintf) refers (Special) to iusefp.o(.text) for __I$use$fp
    printfa.o(i.__0snprintf) refers to printfa.o(i._printf_core) for _printf_core
    printfa.o(i.__0snprintf) refers to printfa.o(i._snputc) for _snputc
    printfa.o(i.__0sprintf) refers (Special) to iusefp.o(.text) for __I$use$fp
    printfa.o(i.__0sprintf) refers to printfa.o(i._printf_core) for _printf_core
    printfa.o(i.__0sprintf) refers to printfa.o(i._sputc) for _sputc
    printfa.o(i.__0vfprintf) refers (Special) to iusefp.o(.text) for __I$use$fp
    printfa.o(i.__0vfprintf) refers to printfa.o(i._printf_core) for _printf_core
    printfa.o(i.__0vfprintf) refers to usart6.o(i.fputc) for fputc
    printfa.o(i.__0vprintf) refers (Special) to iusefp.o(.text) for __I$use$fp
    printfa.o(i.__0vprintf) refers to printfa.o(i._printf_core) for _printf_core
    printfa.o(i.__0vprintf) refers to usart6.o(i.fputc) for fputc
    printfa.o(i.__0vprintf) refers to usart6.o(.data) for __stdout
    printfa.o(i.__0vsnprintf) refers (Special) to iusefp.o(.text) for __I$use$fp
    printfa.o(i.__0vsnprintf) refers to printfa.o(i._printf_core) for _printf_core
    printfa.o(i.__0vsnprintf) refers to printfa.o(i._snputc) for _snputc
    printfa.o(i.__0vsprintf) refers (Special) to iusefp.o(.text) for __I$use$fp
    printfa.o(i.__0vsprintf) refers to printfa.o(i._printf_core) for _printf_core
    printfa.o(i.__0vsprintf) refers to printfa.o(i._sputc) for _sputc
    printfa.o(i._fp_digits) refers (Special) to iusefp.o(.text) for __I$use$fp
    printfa.o(i._fp_digits) refers to dmul.o(.text) for __aeabi_dmul
    printfa.o(i._fp_digits) refers to ddiv.o(.text) for __aeabi_ddiv
    printfa.o(i._fp_digits) refers to cdrcmple.o(.text) for __aeabi_cdrcmple
    printfa.o(i._fp_digits) refers to dadd.o(.text) for __aeabi_dadd
    printfa.o(i._fp_digits) refers to dfixul.o(.text) for __aeabi_d2ulz
    printfa.o(i._fp_digits) refers to uldiv.o(.text) for __aeabi_uldivmod
    printfa.o(i._printf_core) refers (Special) to iusefp.o(.text) for __I$use$fp
    printfa.o(i._printf_core) refers to printfa.o(i._printf_pre_padding) for _printf_pre_padding
    printfa.o(i._printf_core) refers to uldiv.o(.text) for __aeabi_uldivmod
    printfa.o(i._printf_core) refers to printfa.o(i._printf_post_padding) for _printf_post_padding
    printfa.o(i._printf_core) refers to printfa.o(i._fp_digits) for _fp_digits
    printfa.o(i._printf_core) refers to uidiv.o(.text) for __aeabi_uidivmod
    printfa.o(i._printf_post_padding) refers (Special) to iusefp.o(.text) for __I$use$fp
    printfa.o(i._printf_pre_padding) refers (Special) to iusefp.o(.text) for __I$use$fp
    printfa.o(i._snputc) refers (Special) to iusefp.o(.text) for __I$use$fp
    printfa.o(i._sputc) refers (Special) to iusefp.o(.text) for __I$use$fp
    malloc.o(i.free) refers to mvars.o(.data) for __microlib_freelist
    malloc.o(i.malloc) refers to mvars.o(.data) for __microlib_freelist_initialised
    malloc.o(i.malloc) refers to mvars.o(.data) for __microlib_freelist
    malloc.o(i.malloc) refers to startup_stm32f4xx.o(HEAP) for __heap_base
    mallocr.o(i.__free$realloc) refers to mvars.o(.data) for __microlib_freelist
    mallocr.o(i.__malloc$realloc) refers to mallocr.o(i.internal_alloc) for internal_alloc
    mallocr.o(i.__malloc$realloc) refers to mvars.o(.data) for __microlib_freelist_initialised
    mallocr.o(i.__malloc$realloc) refers to startup_stm32f4xx.o(HEAP) for __heap_base
    mallocr.o(i.__malloc$realloc) refers to mvars.o(.data) for __microlib_freelist
    mallocr.o(i.internal_alloc) refers to memcpya.o(.text) for __aeabi_memcpy
    mallocr.o(i.internal_alloc) refers to mvars.o(.data) for __microlib_freelist
    mallocr.o(i.realloc) refers to mallocr.o(i.__free$realloc) for __free$realloc
    mallocr.o(i.realloc) refers to mallocr.o(i.internal_alloc) for internal_alloc
    mallocr.o(i.realloc) refers to mallocr.o(i.__malloc$realloc) for __malloc$realloc
    mallocr.o(i.realloc) refers to mvars.o(.data) for __microlib_freelist
    malloca.o(i.__aligned_malloc) refers to mvars.o(.data) for __microlib_freelist_initialised
    malloca.o(i.__aligned_malloc) refers to mvars.o(.data) for __microlib_freelist
    malloca.o(i.__aligned_malloc) refers to startup_stm32f4xx.o(HEAP) for __heap_base
    malloca.o(i.__free$memalign) refers to mvars.o(.data) for __microlib_freelist
    malloca.o(i.__malloc$memalign) refers to malloca.o(i.__aligned_malloc) for __aligned_malloc
    mallocra.o(i.__aligned_malloc$realloc) refers to mallocra.o(i.internal_alloc) for internal_alloc
    mallocra.o(i.__aligned_malloc$realloc) refers to mvars.o(.data) for __microlib_freelist_initialised
    mallocra.o(i.__aligned_malloc$realloc) refers to startup_stm32f4xx.o(HEAP) for __heap_base
    mallocra.o(i.__aligned_malloc$realloc) refers to mvars.o(.data) for __microlib_freelist
    mallocra.o(i.__free$realloc$memalign) refers to mvars.o(.data) for __microlib_freelist
    mallocra.o(i.__malloc$realloc$memalign) refers to mallocra.o(i.__aligned_malloc$realloc) for __aligned_malloc$realloc
    mallocra.o(i.__realloc$memalign) refers to mallocra.o(i.__free$realloc$memalign) for __free$realloc$memalign
    mallocra.o(i.__realloc$memalign) refers to mallocra.o(i.internal_alloc) for internal_alloc
    mallocra.o(i.__realloc$memalign) refers to mallocra.o(i.__malloc$realloc$memalign) for __malloc$realloc$memalign
    mallocra.o(i.__realloc$memalign) refers to mvars.o(.data) for __microlib_freelist
    mallocra.o(i.internal_alloc) refers to memcpya.o(.text) for __aeabi_memcpy
    mallocra.o(i.internal_alloc) refers to mvars.o(.data) for __microlib_freelist
    __0sscanf.o(.text) refers to scanf_char.o(.text) for __vfscanf_char
    __0sscanf.o(.text) refers to _sgetc.o(.text) for _sgetc
    scanf_fp.o(.text) refers (Special) to iusefp.o(.text) for __I$use$fp
    scanf_fp.o(.text) refers to dfltul.o(.text) for __aeabi_ul2d
    scanf_fp.o(.text) refers to dmul.o(.text) for __aeabi_dmul
    scanf_fp.o(.text) refers to ddiv.o(.text) for __aeabi_ddiv
    scanf_fp.o(.text) refers to scanf_fp.o(i._is_digit) for _is_digit
    scanf_fp.o(.text) refers to d2f.o(.text) for __aeabi_d2f
    dadd.o(.text) refers (Special) to iusefp.o(.text) for __I$use$fp
    dadd.o(.text) refers to llshl.o(.text) for __aeabi_llsl
    dadd.o(.text) refers to llsshr.o(.text) for __aeabi_lasr
    dadd.o(.text) refers to depilogue.o(.text) for _double_epilogue
    dmul.o(.text) refers (Special) to iusefp.o(.text) for __I$use$fp
    dmul.o(.text) refers to depilogue.o(.text) for _double_epilogue
    f2d.o(.text) refers (Special) to iusefp.o(.text) for __I$use$fp
    d2f.o(.text) refers (Special) to iusefp.o(.text) for __I$use$fp
    d2f.o(.text) refers to fepilogue.o(.text) for _float_round
    dunder.o(i.__mathlib_dbl_divzero) refers to ddiv.o(.text) for __aeabi_ddiv
    dunder.o(i.__mathlib_dbl_infnan) refers to dadd.o(.text) for __aeabi_dadd
    dunder.o(i.__mathlib_dbl_infnan2) refers to dadd.o(.text) for __aeabi_dadd
    dunder.o(i.__mathlib_dbl_invalid) refers to ddiv.o(.text) for __aeabi_ddiv
    dunder.o(i.__mathlib_dbl_overflow) refers to dmul.o(.text) for __aeabi_dmul
    dunder.o(i.__mathlib_dbl_posinfnan) refers to dmul.o(.text) for __aeabi_dmul
    dunder.o(i.__mathlib_dbl_underflow) refers to dmul.o(.text) for __aeabi_dmul
    fpclassifyf.o(i.__ARM_fpclassifyf) refers (Special) to iusefp.o(.text) for __I$use$fp
    poly.o(i.__kernel_poly) refers (Special) to iusefp.o(.text) for __I$use$fp
    poly.o(i.__kernel_poly) refers to dmul.o(.text) for __aeabi_dmul
    poly.o(i.__kernel_poly) refers to dadd.o(.text) for __aeabi_dadd
    qnan.o(.constdata) refers (Special) to iusefp.o(.text) for __I$use$fp
    rredf.o(i.__mathlib_rredf2) refers (Special) to iusefp.o(.text) for __I$use$fp
    rredf.o(i.__mathlib_rredf2) refers to rredf.o(.constdata) for .constdata
    rredf.o(.constdata) refers (Special) to iusefp.o(.text) for __I$use$fp
    entry2.o(.ARM.Collect$$$$00000001) refers to entry2.o(.ARM.Collect$$$$00002712) for __lit__00000000
    entry2.o(.ARM.Collect$$$$00002712) refers to startup_stm32f4xx.o(STACK) for __initial_sp
    entry2.o(__vectab_stack_and_reset_area) refers to startup_stm32f4xx.o(STACK) for __initial_sp
    entry2.o(__vectab_stack_and_reset_area) refers to entry.o(.ARM.Collect$$$$00000000) for __main
    entry5.o(.ARM.Collect$$$$00000004) refers to init.o(.text) for __scatterload
    entry9a.o(.ARM.Collect$$$$0000000B) refers to main.o(i.main) for main
    entry9b.o(.ARM.Collect$$$$0000000C) refers to main.o(i.main) for main
    uldiv.o(.text) refers to llushr.o(.text) for __aeabi_llsr
    uldiv.o(.text) refers to llshl.o(.text) for __aeabi_llsl
    errno.o(i.__aeabi_errno_addr) refers to errno.o(.data) for .data
    errno.o(i.__read_errno) refers to errno.o(.data) for .data
    errno.o(i.__set_errno) refers to errno.o(.data) for .data
    scanf_char.o(.text) refers to _scanf.o(.text) for __vfscanf
    scanf_char.o(.text) refers to isspace_c.o(.text) for isspace
    frnd.o(.text) refers to fepilogue.o(.text) for _float_round
    depilogue.o(.text) refers to llshl.o(.text) for __aeabi_llsl
    depilogue.o(.text) refers to llushr.o(.text) for __aeabi_llsr
    ddiv.o(.text) refers to depilogue.o(.text) for _double_round
    drem.o(.text) refers to depilogue.o(.text) for _double_epilogue
    dflti.o(.text) refers to depilogue.o(.text) for _double_epilogue
    dfltul.o(.text) refers to depilogue.o(.text) for _double_epilogue
    dfixul.o(.text) refers to llushr.o(.text) for __aeabi_llsr
    dfixul.o(.text) refers to llshl.o(.text) for __aeabi_llsl
    init.o(.text) refers to entry5.o(.ARM.Collect$$$$00000004) for __main_after_scatterload
    isspace_c.o(.text) refers to ctype_c.o(.text) for __ctype_lookup
    _scanf.o(.text) refers (Weak) to scanf_fp.o(.text) for _scanf_real
    ctype_c.o(.text) refers to ctype_c.o(.constdata) for .constdata
    scanf_fp.o(i._is_digit) refers (Special) to iusefp.o(.text) for __I$use$fp

